Archive member included to satisfy reference by file (symbol)

/opt/st/stm32cubeide_1.16.0_2/plugins/com.st.stm32cube.ide.mcu.externaltools.gnu-tools-for-stm32.12.3.rel1.linux64_1.0.200.202406132123/tools/bin/../lib/gcc/arm-none-eabi/12.3.1/../../../../arm-none-eabi/lib/thumb/v7e-m+fp/hard/libc_nano.a(libc_a-exit.o)
                              /opt/st/stm32cubeide_1.16.0_2/plugins/com.st.stm32cube.ide.mcu.externaltools.gnu-tools-for-stm32.12.3.rel1.linux64_1.0.200.202406132123/tools/bin/../lib/gcc/arm-none-eabi/12.3.1/../../../../arm-none-eabi/lib/thumb/v7e-m+fp/hard/crt0.o (exit)
/opt/st/stm32cubeide_1.16.0_2/plugins/com.st.stm32cube.ide.mcu.externaltools.gnu-tools-for-stm32.12.3.rel1.linux64_1.0.200.202406132123/tools/bin/../lib/gcc/arm-none-eabi/12.3.1/../../../../arm-none-eabi/lib/thumb/v7e-m+fp/hard/libc_nano.a(libc_a-findfp.o)
                              /opt/st/stm32cubeide_1.16.0_2/plugins/com.st.stm32cube.ide.mcu.externaltools.gnu-tools-for-stm32.12.3.rel1.linux64_1.0.200.202406132123/tools/bin/../lib/gcc/arm-none-eabi/12.3.1/../../../../arm-none-eabi/lib/thumb/v7e-m+fp/hard/libc_nano.a(libc_a-exit.o) (__stdio_exit_handler)
/opt/st/stm32cubeide_1.16.0_2/plugins/com.st.stm32cube.ide.mcu.externaltools.gnu-tools-for-stm32.12.3.rel1.linux64_1.0.200.202406132123/tools/bin/../lib/gcc/arm-none-eabi/12.3.1/../../../../arm-none-eabi/lib/thumb/v7e-m+fp/hard/libc_nano.a(libc_a-fwalk.o)
                              /opt/st/stm32cubeide_1.16.0_2/plugins/com.st.stm32cube.ide.mcu.externaltools.gnu-tools-for-stm32.12.3.rel1.linux64_1.0.200.202406132123/tools/bin/../lib/gcc/arm-none-eabi/12.3.1/../../../../arm-none-eabi/lib/thumb/v7e-m+fp/hard/libc_nano.a(libc_a-findfp.o) (_fwalk_sglue)
/opt/st/stm32cubeide_1.16.0_2/plugins/com.st.stm32cube.ide.mcu.externaltools.gnu-tools-for-stm32.12.3.rel1.linux64_1.0.200.202406132123/tools/bin/../lib/gcc/arm-none-eabi/12.3.1/../../../../arm-none-eabi/lib/thumb/v7e-m+fp/hard/libc_nano.a(libc_a-printf.o)
                              ./Core/Src/BMP280_vincent.o (printf)
/opt/st/stm32cubeide_1.16.0_2/plugins/com.st.stm32cube.ide.mcu.externaltools.gnu-tools-for-stm32.12.3.rel1.linux64_1.0.200.202406132123/tools/bin/../lib/gcc/arm-none-eabi/12.3.1/../../../../arm-none-eabi/lib/thumb/v7e-m+fp/hard/libc_nano.a(libc_a-puts.o)
                              ./Core/Src/BMP280_vincent.o (puts)
/opt/st/stm32cubeide_1.16.0_2/plugins/com.st.stm32cube.ide.mcu.externaltools.gnu-tools-for-stm32.12.3.rel1.linux64_1.0.200.202406132123/tools/bin/../lib/gcc/arm-none-eabi/12.3.1/../../../../arm-none-eabi/lib/thumb/v7e-m+fp/hard/libc_nano.a(libc_a-stdio.o)
                              /opt/st/stm32cubeide_1.16.0_2/plugins/com.st.stm32cube.ide.mcu.externaltools.gnu-tools-for-stm32.12.3.rel1.linux64_1.0.200.202406132123/tools/bin/../lib/gcc/arm-none-eabi/12.3.1/../../../../arm-none-eabi/lib/thumb/v7e-m+fp/hard/libc_nano.a(libc_a-findfp.o) (__sread)
/opt/st/stm32cubeide_1.16.0_2/plugins/com.st.stm32cube.ide.mcu.externaltools.gnu-tools-for-stm32.12.3.rel1.linux64_1.0.200.202406132123/tools/bin/../lib/gcc/arm-none-eabi/12.3.1/../../../../arm-none-eabi/lib/thumb/v7e-m+fp/hard/libc_nano.a(libc_a-wbuf.o)
                              /opt/st/stm32cubeide_1.16.0_2/plugins/com.st.stm32cube.ide.mcu.externaltools.gnu-tools-for-stm32.12.3.rel1.linux64_1.0.200.202406132123/tools/bin/../lib/gcc/arm-none-eabi/12.3.1/../../../../arm-none-eabi/lib/thumb/v7e-m+fp/hard/libc_nano.a(libc_a-puts.o) (__swbuf_r)
/opt/st/stm32cubeide_1.16.0_2/plugins/com.st.stm32cube.ide.mcu.externaltools.gnu-tools-for-stm32.12.3.rel1.linux64_1.0.200.202406132123/tools/bin/../lib/gcc/arm-none-eabi/12.3.1/../../../../arm-none-eabi/lib/thumb/v7e-m+fp/hard/libc_nano.a(libc_a-wsetup.o)
                              /opt/st/stm32cubeide_1.16.0_2/plugins/com.st.stm32cube.ide.mcu.externaltools.gnu-tools-for-stm32.12.3.rel1.linux64_1.0.200.202406132123/tools/bin/../lib/gcc/arm-none-eabi/12.3.1/../../../../arm-none-eabi/lib/thumb/v7e-m+fp/hard/libc_nano.a(libc_a-puts.o) (__swsetup_r)
/opt/st/stm32cubeide_1.16.0_2/plugins/com.st.stm32cube.ide.mcu.externaltools.gnu-tools-for-stm32.12.3.rel1.linux64_1.0.200.202406132123/tools/bin/../lib/gcc/arm-none-eabi/12.3.1/../../../../arm-none-eabi/lib/thumb/v7e-m+fp/hard/libc_nano.a(libc_a-memset.o)
                              /opt/st/stm32cubeide_1.16.0_2/plugins/com.st.stm32cube.ide.mcu.externaltools.gnu-tools-for-stm32.12.3.rel1.linux64_1.0.200.202406132123/tools/bin/../lib/gcc/arm-none-eabi/12.3.1/../../../../arm-none-eabi/lib/thumb/v7e-m+fp/hard/crt0.o (memset)
/opt/st/stm32cubeide_1.16.0_2/plugins/com.st.stm32cube.ide.mcu.externaltools.gnu-tools-for-stm32.12.3.rel1.linux64_1.0.200.202406132123/tools/bin/../lib/gcc/arm-none-eabi/12.3.1/../../../../arm-none-eabi/lib/thumb/v7e-m+fp/hard/libc_nano.a(libc_a-closer.o)
[...]
Memory Configuration

Name             Origin             Length             Attributes
RAM              0x20000000         0x00020000         xrw
FLASH            0x08000000         0x00080000         xr
*default*        0x00000000         0xffffffff

Linker script and memory map

LOAD /opt/st/stm32cubeide_1.16.0_2/plugins/com.st.stm32cube.ide.mcu.externaltools.gnu-tools-for-stm32.12.3.rel1.linux64_1.0.200.202406132123/tools/bin/../lib/gcc/arm-none-eabi/12.3.1/thumb/v7e-m+fp/hard/crti.o
LOAD /opt/st/stm32cubeide_1.16.0_2/plugins/com.st.stm32cube.ide.mcu.externaltools.gnu-tools-for-stm32.12.3.rel1.linux64_1.0.200.202406132123/tools/bin/../lib/gcc/arm-none-eabi/12.3.1/thumb/v7e-m+fp/hard/crtbegin.o
LOAD /opt/st/stm32cubeide_1.16.0_2/plugins/com.st.stm32cube.ide.mcu.externaltools.gnu-tools-for-stm32.12.3.rel1.linux64_1.0.200.202406132123/tools/bin/../lib/gcc/arm-none-eabi/12.3.1/../../../../arm-none-eabi/lib/thumb/v7e-m+fp/hard/crt0.o
LOAD ./Core/Src/BMP280_vincent.o
LOAD ./Core/Src/can.o
LOAD ./Core/Src/main.o
LOAD ./Core/Src/stm32f4xx_hal_msp.o
LOAD ./Core/Src/stm32f4xx_it.o
LOAD ./Core/Src/syscalls.o
LOAD ./Core/Src/sysmem.o
LOAD ./Core/Src/system_stm32f4xx.o
LOAD ./Core/Startup/startup_stm32f446retx.o
LOAD ./Drivers/STM32F4xx_HAL_Driver/Src/stm32f4xx_hal.o
LOAD ./Drivers/STM32F4xx_HAL_Driver/Src/stm32f4xx_hal_cortex.o
LOAD ./Drivers/STM32F4xx_HAL_Driver/Src/stm32f4xx_hal_dma.o
LOAD ./Drivers/STM32F4xx_HAL_Driver/Src/stm32f4xx_hal_dma_ex.o
LOAD ./Drivers/STM32F4xx_HAL_Driver/Src/stm32f4xx_hal_exti.o
LOAD ./Drivers/STM32F4xx_HAL_Driver/Src/stm32f4xx_hal_flash.o
LOAD ./Drivers/STM32F4xx_HAL_Driver/Src/stm32f4xx_hal_flash_ex.o
LOAD ./Drivers/STM32F4xx_HAL_Driver/Src/stm32f4xx_hal_flash_ramfunc.o
LOAD ./Drivers/STM32F4xx_HAL_Driver/Src/stm32f4xx_hal_gpio.o
LOAD ./Drivers/STM32F4xx_HAL_Driver/Src/stm32f4xx_hal_i2c.o
LOAD ./Drivers/STM32F4xx_HAL_Driver/Src/stm32f4xx_hal_i2c_ex.o
LOAD ./Drivers/STM32F4xx_HAL_Driver/Src/stm32f4xx_hal_pwr.o
LOAD ./Drivers/STM32F4xx_HAL_Driver/Src/stm32f4xx_hal_pwr_ex.o
LOAD ./Drivers/STM32F4xx_HAL_Driver/Src/stm32f4xx_hal_rcc.o
LOAD ./Drivers/STM32F4xx_HAL_Driver/Src/stm32f4xx_hal_rcc_ex.o
LOAD ./Drivers/STM32F4xx_HAL_Driver/Src/stm32f4xx_hal_tim.o
LOAD ./Drivers/STM32F4xx_HAL_Driver/Src/stm32f4xx_hal_tim_ex.o
LOAD ./Drivers/STM32F4xx_HAL_Driver/Src/stm32f4xx_hal_uart.o
START GROUP
LOAD /opt/st/stm32cubeide_1.16.0_2/plugins/com.st.stm32cube.ide.mcu.externaltools.gnu-tools-for-stm32.12.3.rel1.linux64_1.0.200.202406132123/tools/bin/../lib/gcc/arm-none-eabi/12.3.1/../../../../arm-none-eabi/lib/thumb/v7e-m+fp/hard/libc_nano.a
LOAD /opt/st/stm32cubeide_1.16.0_2/plugins/com.st.stm32cube.ide.mcu.externaltools.gnu-tools-for-stm32.12.3.rel1.linux64_1.0.200.202406132123/tools/bin/../lib/gcc/arm-none-eabi/12.3.1/../../../../arm-none-eabi/lib/thumb/v7e-m+fp/hard/libm.a
END GROUP
START GROUP
LOAD /opt/st/stm32cubeide_1.16.0_2/plugins/com.st.stm32cube.ide.mcu.externaltools.gnu-tools-for-stm32.12.3.rel1.linux64_1.0.200.202406132123/tools/bin/../lib/gcc/arm-none-eabi/12.3.1/thumb/v7e-m+fp/hard/libgcc.a
LOAD /opt/st/stm32cubeide_1.16.0_2/plugins/com.st.stm32cube.ide.mcu.externaltools.gnu-tools-for-stm32.12.3.rel1.linux64_1.0.200.202406132123/tools/bin/../lib/gcc/arm-none-eabi/12.3.1/../../../../arm-none-eabi/lib/thumb/v7e-m+fp/hard/libc_nano.a
END GROUP
START GROUP
LOAD /opt/st/stm32cubeide_1.16.0_2/plugins/com.st.stm32cube.ide.mcu.externaltools.gnu-tools-for-stm32.12.3.rel1.linux64_1.0.200.202406132123/tools/bin/../lib/gcc/arm-none-eabi/12.3.1/thumb/v7e-m+fp/hard/libgcc.a
LOAD /opt/st/stm32cubeide_1.16.0_2/plugins/com.st.stm32cube.ide.mcu.externaltools.gnu-tools-for-stm32.12.3.rel1.linux64_1.0.200.202406132123/tools/bin/../lib/gcc/arm-none-eabi/12.3.1/../../../../arm-none-eabi/lib/thumb/v7e-m+fp/hard/libc_nano.a
LOAD /opt/st/stm32cubeide_1.16.0_2/plugins/com.st.stm32cube.ide.mcu.externaltools.gnu-tools-for-stm32.12.3.rel1.linux64_1.0.200.202406132123/tools/bin/../lib/gcc/arm-none-eabi/12.3.1/../../../../arm-none-eabi/lib/thumb/v7e-m+fp/hard/libnosys.a
END GROUP
START GROUP
LOAD /opt/st/stm32cubeide_1.16.0_2/plugins/com.st.stm32cube.ide.mcu.externaltools.gnu-tools-for-stm32.12.3.rel1.linux64_1.0.200.202406132123/tools/bin/../lib/gcc/arm-none-eabi/12.3.1/thumb/v7e-m+fp/hard/libgcc.a
LOAD /opt/st/stm32cubeide_1.16.0_2/plugins/com.st.stm32cube.ide.mcu.externaltools.gnu-tools-for-stm32.12.3.rel1.linux64_1.0.200.202406132123/tools/bin/../lib/gcc/arm-none-eabi/12.3.1/../../../../arm-none-eabi/lib/thumb/v7e-m+fp/hard/libc_nano.a
LOAD /opt/st/stm32cubeide_1.16.0_2/plugins/com.st.stm32cube.ide.mcu.externaltools.gnu-tools-for-stm32.12.3.rel1.linux64_1.0.200.202406132123/tools/bin/../lib/gcc/arm-none-eabi/12.3.1/../../../../arm-none-eabi/lib/thumb/v7e-m+fp/hard/libnosys.a
END GROUP
LOAD /opt/st/stm32cubeide_1.16.0_2/plugins/com.st.stm32cube.ide.mcu.externaltools.gnu-tools-for-stm32.12.3.rel1.linux64_1.0.200.202406132123/tools/bin/../lib/gcc/arm-none-eabi/12.3.1/thumb/v7e-m+fp/hard/crtend.o
LOAD /opt/st/stm32cubeide_1.16.0_2/plugins/com.st.stm32cube.ide.mcu.externaltools.gnu-tools-for-stm32.12.3.rel1.linux64_1.0.200.202406132123/tools/bin/../lib/gcc/arm-none-eabi/12.3.1/thumb/v7e-m+fp/hard/crtn.o
                0x20020000                        _estack = (ORIGIN (RAM) + LENGTH (RAM))
                0x00000200                        _Min_Heap_Size = 0x200
                0x00000400                        _Min_Stack_Size = 0x400

.isr_vector     0x08000000      0x1c4
                0x08000000                        . = ALIGN (0x4)
 *(.isr_vector)
 .isr_vector    0x08000000      0x1c4 ./Core/Startup/startup_stm32f446retx.o
                0x08000000                g_pfnVectors
                0x080001c4                        . = ALIGN (0x4)

.text           0x080001d0     0x505c
                0x080001d0                        . = ALIGN (0x4)
 *(.text)
 .text          0x080001d0       0x40 /opt/st/stm32cubeide_1.16.0_2/plugins/com.st.stm32cube.ide.mcu.externaltools.gnu-tools-for-stm32.12.3.rel1.linux64_1.0.200.202406132123/tools/bin/../lib/gcc/arm-none-eabi/12.3.1/thumb/v7e-m+fp/hard/crtbegin.o
 .text          0x08000210       0xa0 /opt/st/stm32cubeide_1.16.0_2/plugins/com.st.stm32cube.ide.mcu.externaltools.gnu-tools-for-stm32.12.3.rel1.linux64_1.0.200.202406132123/tools/bin/../lib/gcc/arm-none-eabi/12.3.1/../../../../arm-none-eabi/lib/thumb/v7e-m+fp/hard/libc_nano.a(libc_a-memchr.o)
                0x08000210                memchr
 .text          0x080002b0       0xa0 /opt/st/stm32cubeide_1.16.0_2/plugins/com.st.stm32cube.ide.mcu.externaltools.gnu-tools-for-stm32.12.3.rel1.linux64_1.0.200.202406132123/tools/bin/../lib/gcc/arm-none-eabi/12.3.1/thumb/v7e-m+fp/hard/libgcc.a(_aeabi_ldivmod.o)
                0x080002b0                __aeabi_ldivmod
 .text          0x08000350       0x30 /opt/st/stm32cubeide_1.16.0_2/plugins/com.st.stm32cube.ide.mcu.externaltools.gnu-tools-for-stm32.12.3.rel1.linux64_1.0.200.202406132123/tools/bin/../lib/gcc/arm-none-eabi/12.3.1/thumb/v7e-m+fp/hard/libgcc.a(_aeabi_uldivmod.o)
                0x08000350                __aeabi_uldivmod
 .text          0x08000380      0x2bc /opt/st/stm32cubeide_1.16.0_2/plugins/com.st.stm32cube.ide.mcu.externaltools.gnu-tools-for-stm32.12.3.rel1.linux64_1.0.200.202406132123/tools/bin/../lib/gcc/arm-none-eabi/12.3.1/thumb/v7e-m+fp/hard/libgcc.a(_udivmoddi4.o)
                0x08000380                __udivmoddi4
 .text          0x0800063c        0x4 /opt/st/stm32cubeide_1.16.0_2/plugins/com.st.stm32cube.ide.mcu.externaltools.gnu-tools-for-stm32.12.3.rel1.linux64_1.0.200.202406132123/tools/bin/../lib/gcc/arm-none-eabi/12.3.1/thumb/v7e-m+fp/hard/libgcc.a(_dvmd_tls.o)
                0x0800063c                __aeabi_ldiv0
                0x0800063c                __aeabi_idiv0
 *(.text*)
 .text.BMP280_checkID
                0x08000640       0xa0 ./Core/Src/BMP280_vincent.o
                0x08000640                BMP280_checkID
 .text.BMP280_config
                0x080006e0      0x10c ./Core/Src/BMP280_vincent.o
                0x080006e0                BMP280_config
 .text.BMP280_calib
                0x080007ec      0x1c0 ./Core/Src/BMP280_vincent.o
                0x080007ec                BMP280_calib
 .text.BMP280_get_temperature
                0x080009ac       0xa8 ./Core/Src/BMP280_vincent.o
                0x080009ac                BMP280_get_temperature
 .text.BMP280_get_pressure
                0x08000a54       0xa4 ./Core/Src/BMP280_vincent.o
                0x08000a54                BMP280_get_pressure
 .text.bmp280_compensate_T_int32
                0x08000af8       0x84 ./Core/Src/BMP280_vincent.o
                0x08000af8                bmp280_compensate_T_int32
 .text.bmp280_compensate_P_int64
                0x08000b7c      0x58c ./Core/Src/BMP280_vincent.o
                0x08000b7c                bmp280_compensate_P_int64
 .text.main     0x08001108       0xcc ./Core/Src/main.o
                0x08001108                main
 .text.SystemClock_Config
                0x080011d4       0xd8 ./Core/Src/main.o
                0x080011d4                SystemClock_Config
 .text.MX_I2C1_Init
                0x080012ac       0x5c ./Core/Src/main.o
 .text.MX_USART2_UART_Init
                0x08001308       0x54 ./Core/Src/main.o
 .text.MX_USART3_UART_Init
                0x0800135c       0x54 ./Core/Src/main.o
 .text.MX_GPIO_Init
                0x080013b0       0xdc ./Core/Src/main.o
 .text.Error_Handler
                0x0800148c        0xc ./Core/Src/main.o
                0x0800148c                Error_Handler
 .text.HAL_MspInit
                0x08001498       0x50 ./Core/Src/stm32f4xx_hal_msp.o
                0x08001498                HAL_MspInit
 .text.HAL_I2C_MspInit
                0x080014e8       0x90 ./Core/Src/stm32f4xx_hal_msp.o
                0x080014e8                HAL_I2C_MspInit
 .text.HAL_UART_MspInit
                0x08001578       0xfc ./Core/Src/stm32f4xx_hal_msp.o
                0x08001578                HAL_UART_MspInit
 .text.__io_putchar
                0x08001674       0x38 ./Core/Src/stm32f4xx_hal_msp.o
                0x08001674                __io_putchar
 .text.NMI_Handler
                0x080016ac        0x8 ./Core/Src/stm32f4xx_it.o
                0x080016ac                NMI_Handler
 .text.HardFault_Handler
                0x080016b4        0x8 ./Core/Src/stm32f4xx_it.o
                0x080016b4                HardFault_Handler
 .text.MemManage_Handler
                0x080016bc        0x8 ./Core/Src/stm32f4xx_it.o
                0x080016bc                MemManage_Handler
 .text.BusFault_Handler
                0x080016c4        0x8 ./Core/Src/stm32f4xx_it.o
                0x080016c4                BusFault_Handler
 .text.UsageFault_Handler
                0x080016cc        0x8 ./Core/Src/stm32f4xx_it.o
                0x080016cc                UsageFault_Handler
 .text.SVC_Handler
                0x080016d4        0xe ./Core/Src/stm32f4xx_it.o
                0x080016d4                SVC_Handler
 .text.DebugMon_Handler
                0x080016e2        0xe ./Core/Src/stm32f4xx_it.o
                0x080016e2                DebugMon_Handler
 .text.PendSV_Handler
                0x080016f0        0xe ./Core/Src/stm32f4xx_it.o
                0x080016f0                PendSV_Handler
 .text.SysTick_Handler
                0x080016fe        0xc ./Core/Src/stm32f4xx_it.o
                0x080016fe                SysTick_Handler
 .text._read    0x0800170a       0x3a ./Core/Src/syscalls.o
                0x0800170a                _read
 .text._write   0x08001744       0x38 ./Core/Src/syscalls.o
                0x08001744                _write
 .text._close   0x0800177c       0x18 ./Core/Src/syscalls.o
                0x0800177c                _close
 .text._fstat   0x08001794       0x20 ./Core/Src/syscalls.o
                0x08001794                _fstat
 .text._isatty  0x080017b4       0x16 ./Core/Src/syscalls.o
                0x080017b4                _isatty
 .text._lseek   0x080017ca       0x1a ./Core/Src/syscalls.o
                0x080017ca                _lseek
 .text._sbrk    0x080017e4       0x6c ./Core/Src/sysmem.o
                0x080017e4                _sbrk
 .text.SystemInit
                0x08001850       0x24 ./Core/Src/system_stm32f4xx.o
                0x08001850                SystemInit
 .text.Reset_Handler
                0x08001874       0x50 ./Core/Startup/startup_stm32f446retx.o
                0x08001874                Reset_Handler
 .text.Default_Handler
                0x080018c4        0x2 ./Core/Startup/startup_stm32f446retx.o
                0x080018c4                RTC_Alarm_IRQHandler
                0x080018c4                EXTI2_IRQHandler
                0x080018c4                TIM8_CC_IRQHandler
                0x080018c4                FMPI2C1_EV_IRQHandler
                0x080018c4                SPI4_IRQHandler
                0x080018c4                TIM1_CC_IRQHandler
                0x080018c4                DMA2_Stream5_IRQHandler
                0x080018c4                DMA1_Stream5_IRQHandler
                0x080018c4                PVD_IRQHandler
                0x080018c4                SDIO_IRQHandler
                0x080018c4                TAMP_STAMP_IRQHandler
                0x080018c4                CAN2_RX1_IRQHandler
                0x080018c4                EXTI3_IRQHandler
                0x080018c4                TIM8_TRG_COM_TIM14_IRQHandler
                0x080018c4                TIM1_UP_TIM10_IRQHandler
                0x080018c4                TIM8_UP_TIM13_IRQHandler
                0x080018c4                I2C3_ER_IRQHandler
                0x080018c4                EXTI0_IRQHandler
                0x080018c4                I2C2_EV_IRQHandler
                0x080018c4                DMA1_Stream2_IRQHandler
                0x080018c4                CAN1_RX0_IRQHandler
                0x080018c4                FPU_IRQHandler
                0x080018c4                OTG_HS_WKUP_IRQHandler
                0x080018c4                CAN2_SCE_IRQHandler
                0x080018c4                DMA2_Stream2_IRQHandler
                0x080018c4                SPI1_IRQHandler
                0x080018c4                TIM6_DAC_IRQHandler
                0x080018c4                TIM1_BRK_TIM9_IRQHandler
                0x080018c4                DCMI_IRQHandler
                0x080018c4                CAN2_RX0_IRQHandler
                0x080018c4                DMA2_Stream3_IRQHandler
                0x080018c4                SAI2_IRQHandler
                0x080018c4                USART6_IRQHandler
                0x080018c4                USART3_IRQHandler
                0x080018c4                CAN1_RX1_IRQHandler
                0x080018c4                UART5_IRQHandler
                0x080018c4                DMA2_Stream0_IRQHandler
                0x080018c4                TIM4_IRQHandler
                0x080018c4                QUADSPI_IRQHandler
                0x080018c4                I2C1_EV_IRQHandler
                0x080018c4                DMA1_Stream6_IRQHandler
                0x080018c4                DMA1_Stream1_IRQHandler
                0x080018c4                UART4_IRQHandler
                0x080018c4                TIM3_IRQHandler
                0x080018c4                RCC_IRQHandler
                0x080018c4                TIM8_BRK_TIM12_IRQHandler
                0x080018c4                Default_Handler
                0x080018c4                CEC_IRQHandler
                0x080018c4                EXTI15_10_IRQHandler
                0x080018c4                ADC_IRQHandler
                0x080018c4                DMA1_Stream7_IRQHandler
                0x080018c4                TIM7_IRQHandler
                0x080018c4                CAN2_TX_IRQHandler
                0x080018c4                TIM5_IRQHandler
                0x080018c4                DMA2_Stream7_IRQHandler
                0x080018c4                I2C3_EV_IRQHandler
                0x080018c4                EXTI9_5_IRQHandler
                0x080018c4                RTC_WKUP_IRQHandler
                0x080018c4                SPDIF_RX_IRQHandler
                0x080018c4                SPI2_IRQHandler
                0x080018c4                OTG_HS_EP1_IN_IRQHandler
                0x080018c4                DMA1_Stream0_IRQHandler
                0x080018c4                CAN1_TX_IRQHandler
                0x080018c4                FMPI2C1_ER_IRQHandler
                0x080018c4                EXTI4_IRQHandler
                0x080018c4                OTG_HS_EP1_OUT_IRQHandler
                0x080018c4                WWDG_IRQHandler
                0x080018c4                TIM2_IRQHandler
                0x080018c4                OTG_FS_WKUP_IRQHandler
                0x080018c4                TIM1_TRG_COM_TIM11_IRQHandler
                0x080018c4                OTG_HS_IRQHandler
                0x080018c4                EXTI1_IRQHandler
                0x080018c4                USART2_IRQHandler
                0x080018c4                I2C2_ER_IRQHandler
                0x080018c4                DMA2_Stream1_IRQHandler
                0x080018c4                CAN1_SCE_IRQHandler
                0x080018c4                FLASH_IRQHandler
                0x080018c4                DMA2_Stream4_IRQHandler
                0x080018c4                USART1_IRQHandler
                0x080018c4                OTG_FS_IRQHandler
                0x080018c4                SPI3_IRQHandler
                0x080018c4                DMA1_Stream4_IRQHandler
                0x080018c4                I2C1_ER_IRQHandler
                0x080018c4                FMC_IRQHandler
                0x080018c4                DMA2_Stream6_IRQHandler
                0x080018c4                SAI1_IRQHandler
                0x080018c4                DMA1_Stream3_IRQHandler
 *fill*         0x080018c6        0x2 
 .text.HAL_Init
                0x080018c8       0x44 ./Drivers/STM32F4xx_HAL_Driver/Src/stm32f4xx_hal.o
                0x080018c8                HAL_Init
 .text.HAL_InitTick
                0x0800190c       0x60 ./Drivers/STM32F4xx_HAL_Driver/Src/stm32f4xx_hal.o
                0x0800190c                HAL_InitTick
 .text.HAL_IncTick
                0x0800196c       0x28 ./Drivers/STM32F4xx_HAL_Driver/Src/stm32f4xx_hal.o
                0x0800196c                HAL_IncTick
 .text.HAL_GetTick
                0x08001994       0x18 ./Drivers/STM32F4xx_HAL_Driver/Src/stm32f4xx_hal.o
                0x08001994                HAL_GetTick
 .text.HAL_Delay
                0x080019ac       0x48 ./Drivers/STM32F4xx_HAL_Driver/Src/stm32f4xx_hal.o
                0x080019ac                HAL_Delay
 .text.__NVIC_SetPriorityGrouping
                0x080019f4       0x48 ./Drivers/STM32F4xx_HAL_Driver/Src/stm32f4xx_hal_cortex.o
 .text.__NVIC_GetPriorityGrouping
                0x08001a3c       0x1c ./Drivers/STM32F4xx_HAL_Driver/Src/stm32f4xx_hal_cortex.o
 .text.__NVIC_SetPriority
                0x08001a58       0x54 ./Drivers/STM32F4xx_HAL_Driver/Src/stm32f4xx_hal_cortex.o
 .text.NVIC_EncodePriority
                0x08001aac       0x66 ./Drivers/STM32F4xx_HAL_Driver/Src/stm32f4xx_hal_cortex.o
 *fill*         0x08001b12        0x2 
 .text.SysTick_Config
                0x08001b14       0x44 ./Drivers/STM32F4xx_HAL_Driver/Src/stm32f4xx_hal_cortex.o
 .text.HAL_NVIC_SetPriorityGrouping
                0x08001b58       0x16 ./Drivers/STM32F4xx_HAL_Driver/Src/stm32f4xx_hal_cortex.o
                0x08001b58                HAL_NVIC_SetPriorityGrouping
 .text.HAL_NVIC_SetPriority
                0x08001b6e       0x38 ./Drivers/STM32F4xx_HAL_Driver/Src/stm32f4xx_hal_cortex.o
                0x08001b6e                HAL_NVIC_SetPriority
 .text.HAL_SYSTICK_Config
                0x08001ba6       0x18 ./Drivers/STM32F4xx_HAL_Driver/Src/stm32f4xx_hal_cortex.o
                0x08001ba6                HAL_SYSTICK_Config
 *fill*         0x08001bbe        0x2 
 .text.HAL_GPIO_Init
                0x08001bc0      0x328 ./Drivers/STM32F4xx_HAL_Driver/Src/stm32f4xx_hal_gpio.o
                0x08001bc0                HAL_GPIO_Init
 .text.HAL_GPIO_WritePin
                0x08001ee8       0x32 ./Drivers/STM32F4xx_HAL_Driver/Src/stm32f4xx_hal_gpio.o
                0x08001ee8                HAL_GPIO_WritePin
 *fill*         0x08001f1a        0x2 
 .text.HAL_I2C_Init
                0x08001f1c      0x288 ./Drivers/STM32F4xx_HAL_Driver/Src/stm32f4xx_hal_i2c.o
                0x08001f1c                HAL_I2C_Init
 .text.HAL_I2C_Master_Transmit
                0x080021a4      0x1fc ./Drivers/STM32F4xx_HAL_Driver/Src/stm32f4xx_hal_i2c.o
                0x080021a4                HAL_I2C_Master_Transmit
 .text.HAL_I2C_Master_Receive
                0x080023a0      0x464 ./Drivers/STM32F4xx_HAL_Driver/Src/stm32f4xx_hal_i2c.o
                0x080023a0                HAL_I2C_Master_Receive
 .text.I2C_MasterRequestWrite
                0x08002804      0x104 ./Drivers/STM32F4xx_HAL_Driver/Src/stm32f4xx_hal_i2c.o
 .text.I2C_MasterRequestRead
                0x08002908      0x19c ./Drivers/STM32F4xx_HAL_Driver/Src/stm32f4xx_hal_i2c.o
 .text.I2C_WaitOnFlagUntilTimeout
                0x08002aa4       0xf4 ./Drivers/STM32F4xx_HAL_Driver/Src/stm32f4xx_hal_i2c.o
 .text.I2C_WaitOnMasterAddressFlagUntilTimeout
                0x08002b98      0x140 ./Drivers/STM32F4xx_HAL_Driver/Src/stm32f4xx_hal_i2c.o
 .text.I2C_WaitOnTXEFlagUntilTimeout
                0x08002cd8       0x90 ./Drivers/STM32F4xx_HAL_Driver/Src/stm32f4xx_hal_i2c.o
 .text.I2C_WaitOnBTFFlagUntilTimeout
                0x08002d68       0x90 ./Drivers/STM32F4xx_HAL_Driver/Src/stm32f4xx_hal_i2c.o
 .text.I2C_WaitOnRXNEFlagUntilTimeout
                0x08002df8       0xba ./Drivers/STM32F4xx_HAL_Driver/Src/stm32f4xx_hal_i2c.o
 .text.I2C_IsAcknowledgeFailed
                0x08002eb2       0x5e ./Drivers/STM32F4xx_HAL_Driver/Src/stm32f4xx_hal_i2c.o
 .text.HAL_RCC_ClockConfig
                0x08002f10      0x1cc ./Drivers/STM32F4xx_HAL_Driver/Src/stm32f4xx_hal_rcc.o
                0x08002f10                HAL_RCC_ClockConfig
 .text.HAL_RCC_GetHCLKFreq
                0x080030dc       0x18 ./Drivers/STM32F4xx_HAL_Driver/Src/stm32f4xx_hal_rcc.o
                0x080030dc                HAL_RCC_GetHCLKFreq
 .text.HAL_RCC_GetPCLK1Freq
                0x080030f4       0x28 ./Drivers/STM32F4xx_HAL_Driver/Src/stm32f4xx_hal_rcc.o
                0x080030f4                HAL_RCC_GetPCLK1Freq
 .text.HAL_RCC_GetPCLK2Freq
                0x0800311c       0x28 ./Drivers/STM32F4xx_HAL_Driver/Src/stm32f4xx_hal_rcc.o
                0x0800311c                HAL_RCC_GetPCLK2Freq
 .text.HAL_RCC_GetSysClockFreq
                0x08003144      0x460 ./Drivers/STM32F4xx_HAL_Driver/Src/stm32f4xx_hal_rcc_ex.o
                0x08003144                HAL_RCC_GetSysClockFreq
 .text.HAL_RCC_OscConfig
                0x080035a4      0x53c ./Drivers/STM32F4xx_HAL_Driver/Src/stm32f4xx_hal_rcc_ex.o
                0x080035a4                HAL_RCC_OscConfig
 .text.HAL_UART_Init
                0x08003ae0       0xa0 ./Drivers/STM32F4xx_HAL_Driver/Src/stm32f4xx_hal_uart.o
                0x08003ae0                HAL_UART_Init
 .text.HAL_UART_Transmit
                0x08003b80      0x116 ./Drivers/STM32F4xx_HAL_Driver/Src/stm32f4xx_hal_uart.o
                0x08003b80                HAL_UART_Transmit
 .text.UART_WaitOnFlagUntilTimeout
                0x08003c96       0xb2 ./Drivers/STM32F4xx_HAL_Driver/Src/stm32f4xx_hal_uart.o
 .text.UART_EndRxTransfer
                0x08003d48       0xc6 ./Drivers/STM32F4xx_HAL_Driver/Src/stm32f4xx_hal_uart.o
 *fill*         0x08003e0e        0x2 
 .text.UART_SetConfig
                0x08003e10      0x4e8 ./Drivers/STM32F4xx_HAL_Driver/Src/stm32f4xx_hal_uart.o
 .text.std      0x080042f8       0x6c /opt/st/stm32cubeide_1.16.0_2/plugins/com.st.stm32cube.ide.mcu.externaltools.gnu-tools-for-stm32.12.3.rel1.linux64_1.0.200.202406132123/tools/bin/../lib/gcc/arm-none-eabi/12.3.1/../../../../arm-none-eabi/lib/thumb/v7e-m+fp/hard/libc_nano.a(libc_a-findfp.o)
 .text.stdio_exit_handler
                0x08004364       0x18 /opt/st/stm32cubeide_1.16.0_2/plugins/com.st.stm32cube.ide.mcu.externaltools.gnu-tools-for-stm32.12.3.rel1.linux64_1.0.200.202406132123/tools/bin/../lib/gcc/arm-none-eabi/12.3.1/../../../../arm-none-eabi/lib/thumb/v7e-m+fp/hard/libc_nano.a(libc_a-findfp.o)
 .text.cleanup_stdio
                0x0800437c       0x40 /opt/st/stm32cubeide_1.16.0_2/plugins/com.st.stm32cube.ide.mcu.externaltools.gnu-tools-for-stm32.12.3.rel1.linux64_1.0.200.202406132123/tools/bin/../lib/gcc/arm-none-eabi/12.3.1/../../../../arm-none-eabi/lib/thumb/v7e-m+fp/hard/libc_nano.a(libc_a-findfp.o)
 .text.global_stdio_init.part.0
                0x080043bc       0x3c /opt/st/stm32cubeide_1.16.0_2/plugins/com.st.stm32cube.ide.mcu.externaltools.gnu-tools-for-stm32.12.3.rel1.linux64_1.0.200.202406132123/tools/bin/../lib/gcc/arm-none-eabi/12.3.1/../../../../arm-none-eabi/lib/thumb/v7e-m+fp/hard/libc_nano.a(libc_a-findfp.o)
 .text.__sfp_lock_acquire
                0x080043f8        0xc /opt/st/stm32cubeide_1.16.0_2/plugins/com.st.stm32cube.ide.mcu.externaltools.gnu-tools-for-stm32.12.3.rel1.linux64_1.0.200.202406132123/tools/bin/../lib/gcc/arm-none-eabi/12.3.1/../../../../arm-none-eabi/lib/thumb/v7e-m+fp/hard/libc_nano.a(libc_a-findfp.o)
                0x080043f8                __sfp_lock_acquire
 .text.__sfp_lock_release
                0x08004404        0xc /opt/st/stm32cubeide_1.16.0_2/plugins/com.st.stm32cube.ide.mcu.externaltools.gnu-tools-for-stm32.12.3.rel1.linux64_1.0.200.202406132123/tools/bin/../lib/gcc/arm-none-eabi/12.3.1/../../../../arm-none-eabi/lib/thumb/v7e-m+fp/hard/libc_nano.a(libc_a-findfp.o)
                0x08004404                __sfp_lock_release
 .text.__sinit  0x08004410       0x30 /opt/st/stm32cubeide_1.16.0_2/plugins/com.st.stm32cube.ide.mcu.externaltools.gnu-tools-for-stm32.12.3.rel1.linux64_1.0.200.202406132123/tools/bin/../lib/gcc/arm-none-eabi/12.3.1/../../../../arm-none-eabi/lib/thumb/v7e-m+fp/hard/libc_nano.a(libc_a-findfp.o)
                0x08004410                __sinit
 .text._fwalk_sglue
                0x08004440       0x3c /opt/st/stm32cubeide_1.16.0_2/plugins/com.st.stm32cube.ide.mcu.externaltools.gnu-tools-for-stm32.12.3.rel1.linux64_1.0.200.202406132123/tools/bin/../lib/gcc/arm-none-eabi/12.3.1/../../../../arm-none-eabi/lib/thumb/v7e-m+fp/hard/libc_nano.a(libc_a-fwalk.o)
                0x08004440                _fwalk_sglue
 .text.printf   0x0800447c       0x24 /opt/st/stm32cubeide_1.16.0_2/plugins/com.st.stm32cube.ide.mcu.externaltools.gnu-tools-for-stm32.12.3.rel1.linux64_1.0.200.202406132123/tools/bin/../lib/gcc/arm-none-eabi/12.3.1/../../../../arm-none-eabi/lib/thumb/v7e-m+fp/hard/libc_nano.a(libc_a-printf.o)
                0x0800447c                printf
                0x0800447c                iprintf
 .text._puts_r  0x080044a0       0xaa /opt/st/stm32cubeide_1.16.0_2/plugins/com.st.stm32cube.ide.mcu.externaltools.gnu-tools-for-stm32.12.3.rel1.linux64_1.0.200.202406132123/tools/bin/../lib/gcc/arm-none-eabi/12.3.1/../../../../arm-none-eabi/lib/thumb/v7e-m+fp/hard/libc_nano.a(libc_a-puts.o)
                0x080044a0                _puts_r
 *fill*         0x0800454a        0x2 
 .text.puts     0x0800454c       0x10 /opt/st/stm32cubeide_1.16.0_2/plugins/com.st.stm32cube.ide.mcu.externaltools.gnu-tools-for-stm32.12.3.rel1.linux64_1.0.200.202406132123/tools/bin/../lib/gcc/arm-none-eabi/12.3.1/../../../../arm-none-eabi/lib/thumb/v7e-m+fp/hard/libc_nano.a(libc_a-puts.o)
                0x0800454c                puts
 .text.__sread  0x0800455c       0x22 /opt/st/stm32cubeide_1.16.0_2/plugins/com.st.stm32cube.ide.mcu.externaltools.gnu-tools-for-stm32.12.3.rel1.linux64_1.0.200.202406132123/tools/bin/../lib/gcc/arm-none-eabi/12.3.1/../../../../arm-none-eabi/lib/thumb/v7e-m+fp/hard/libc_nano.a(libc_a-stdio.o)
                0x0800455c                __sread
 .text.__swrite
                0x0800457e       0x38 /opt/st/stm32cubeide_1.16.0_2/plugins/com.st.stm32cube.ide.mcu.externaltools.gnu-tools-for-stm32.12.3.rel1.linux64_1.0.200.202406132123/tools/bin/../lib/gcc/arm-none-eabi/12.3.1/../../../../arm-none-eabi/lib/thumb/v7e-m+fp/hard/libc_nano.a(libc_a-stdio.o)
                0x0800457e                __swrite
 .text.__sseek  0x080045b6       0x24 /opt/st/stm32cubeide_1.16.0_2/plugins/com.st.stm32cube.ide.mcu.externaltools.gnu-tools-for-stm32.12.3.rel1.linux64_1.0.200.202406132123/tools/bin/../lib/gcc/arm-none-eabi/12.3.1/../../../../arm-none-eabi/lib/thumb/v7e-m+fp/hard/libc_nano.a(libc_a-stdio.o)
                0x080045b6                __sseek
 .text.__sclose
                0x080045da        0x8 /opt/st/stm32cubeide_1.16.0_2/plugins/com.st.stm32cube.ide.mcu.externaltools.gnu-tools-for-stm32.12.3.rel1.linux64_1.0.200.202406132123/tools/bin/../lib/gcc/arm-none-eabi/12.3.1/../../../../arm-none-eabi/lib/thumb/v7e-m+fp/hard/libc_nano.a(libc_a-stdio.o)
                0x080045da                __sclose
 .text.__swbuf_r
                0x080045e2       0x7c /opt/st/stm32cubeide_1.16.0_2/plugins/com.st.stm32cube.ide.mcu.externaltools.gnu-tools-for-stm32.12.3.rel1.linux64_1.0.200.202406132123/tools/bin/../lib/gcc/arm-none-eabi/12.3.1/../../../../arm-none-eabi/lib/thumb/v7e-m+fp/hard/libc_nano.a(libc_a-wbuf.o)
                0x080045e2                __swbuf_r
 *fill*         0x0800465e        0x2 
 .text.__swsetup_r
                0x08004660       0xac /opt/st/stm32cubeide_1.16.0_2/plugins/com.st.stm32cube.ide.mcu.externaltools.gnu-tools-for-stm32.12.3.rel1.linux64_1.0.200.202406132123/tools/bin/../lib/gcc/arm-none-eabi/12.3.1/../../../../arm-none-eabi/lib/thumb/v7e-m+fp/hard/libc_nano.a(libc_a-wsetup.o)
                0x08004660                __swsetup_r
 .text.memset   0x0800470c       0x10 /opt/st/stm32cubeide_1.16.0_2/plugins/com.st.stm32cube.ide.mcu.externaltools.gnu-tools-for-stm32.12.3.rel1.linux64_1.0.200.202406132123/tools/bin/../lib/gcc/arm-none-eabi/12.3.1/../../../../arm-none-eabi/lib/thumb/v7e-m+fp/hard/libc_nano.a(libc_a-memset.o)
                0x0800470c                memset
 .text._close_r
                0x0800471c       0x20 /opt/st/stm32cubeide_1.16.0_2/plugins/com.st.stm32cube.ide.mcu.externaltools.gnu-tools-for-stm32.12.3.rel1.linux64_1.0.200.202406132123/tools/bin/../lib/gcc/arm-none-eabi/12.3.1/../../../../arm-none-eabi/lib/thumb/v7e-m+fp/hard/libc_nano.a(libc_a-closer.o)
                0x0800471c                _close_r
 .text._lseek_r
                0x0800473c       0x24 /opt/st/stm32cubeide_1.16.0_2/plugins/com.st.stm32cube.ide.mcu.externaltools.gnu-tools-for-stm32.12.3.rel1.linux64_1.0.200.202406132123/tools/bin/../lib/gcc/arm-none-eabi/12.3.1/../../../../arm-none-eabi/lib/thumb/v7e-m+fp/hard/libc_nano.a(libc_a-lseekr.o)
                0x0800473c                _lseek_r
 .text._read_r  0x08004760       0x24 /opt/st/stm32cubeide_1.16.0_2/plugins/com.st.stm32cube.ide.mcu.externaltools.gnu-tools-for-stm32.12.3.rel1.linux64_1.0.200.202406132123/tools/bin/../lib/gcc/arm-none-eabi/12.3.1/../../../../arm-none-eabi/lib/thumb/v7e-m+fp/hard/libc_nano.a(libc_a-readr.o)
                0x08004760                _read_r
 .text._write_r
                0x08004784       0x24 /opt/st/stm32cubeide_1.16.0_2/plugins/com.st.stm32cube.ide.mcu.externaltools.gnu-tools-for-stm32.12.3.rel1.linux64_1.0.200.202406132123/tools/bin/../lib/gcc/arm-none-eabi/12.3.1/../../../../arm-none-eabi/lib/thumb/v7e-m+fp/hard/libc_nano.a(libc_a-writer.o)
                0x08004784                _write_r
 .text.__errno  0x080047a8        0xc /opt/st/stm32cubeide_1.16.0_2/plugins/com.st.stm32cube.ide.mcu.externaltools.gnu-tools-for-stm32.12.3.rel1.linux64_1.0.200.202406132123/tools/bin/../lib/gcc/arm-none-eabi/12.3.1/../../../../arm-none-eabi/lib/thumb/v7e-m+fp/hard/libc_nano.a(libc_a-errno.o)
                0x080047a8                __errno
 .text.__libc_init_array
                0x080047b4       0x48 /opt/st/stm32cubeide_1.16.0_2/plugins/com.st.stm32cube.ide.mcu.externaltools.gnu-tools-for-stm32.12.3.rel1.linux64_1.0.200.202406132123/tools/bin/../lib/gcc/arm-none-eabi/12.3.1/../../../../arm-none-eabi/lib/thumb/v7e-m+fp/hard/libc_nano.a(libc_a-init.o)
                0x080047b4                __libc_init_array
 .text.__retarget_lock_init_recursive
                0x080047fc        0x2 /opt/st/stm32cubeide_1.16.0_2/plugins/com.st.stm32cube.ide.mcu.externaltools.gnu-tools-for-stm32.12.3.rel1.linux64_1.0.200.202406132123/tools/bin/../lib/gcc/arm-none-eabi/12.3.1/../../../../arm-none-eabi/lib/thumb/v7e-m+fp/hard/libc_nano.a(libc_a-lock.o)
                0x080047fc                __retarget_lock_init_recursive
 .text.__retarget_lock_acquire_recursive
                0x080047fe        0x2 /opt/st/stm32cubeide_1.16.0_2/plugins/com.st.stm32cube.ide.mcu.externaltools.gnu-tools-for-stm32.12.3.rel1.linux64_1.0.200.202406132123/tools/bin/../lib/gcc/arm-none-eabi/12.3.1/../../../../arm-none-eabi/lib/thumb/v7e-m+fp/hard/libc_nano.a(libc_a-lock.o)
                0x080047fe                __retarget_lock_acquire_recursive
 .text.__retarget_lock_release_recursive
                0x08004800        0x2 /opt/st/stm32cubeide_1.16.0_2/plugins/com.st.stm32cube.ide.mcu.externaltools.gnu-tools-for-stm32.12.3.rel1.linux64_1.0.200.202406132123/tools/bin/../lib/gcc/arm-none-eabi/12.3.1/../../../../arm-none-eabi/lib/thumb/v7e-m+fp/hard/libc_nano.a(libc_a-lock.o)
                0x08004800                __retarget_lock_release_recursive
 *fill*         0x08004802        0x2 
 .text._free_r  0x08004804       0x94 /opt/st/stm32cubeide_1.16.0_2/plugins/com.st.stm32cube.ide.mcu.externaltools.gnu-tools-for-stm32.12.3.rel1.linux64_1.0.200.202406132123/tools/bin/../lib/gcc/arm-none-eabi/12.3.1/../../../../arm-none-eabi/lib/thumb/v7e-m+fp/hard/libc_nano.a(libc_a-freer.o)
                0x08004804                _free_r
 .text.sbrk_aligned
                0x08004898       0x44 /opt/st/stm32cubeide_1.16.0_2/plugins/com.st.stm32cube.ide.mcu.externaltools.gnu-tools-for-stm32.12.3.rel1.linux64_1.0.200.202406132123/tools/bin/../lib/gcc/arm-none-eabi/12.3.1/../../../../arm-none-eabi/lib/thumb/v7e-m+fp/hard/libc_nano.a(libc_a-mallocr.o)
 .text._malloc_r
                0x080048dc      0x100 /opt/st/stm32cubeide_1.16.0_2/plugins/com.st.stm32cube.ide.mcu.externaltools.gnu-tools-for-stm32.12.3.rel1.linux64_1.0.200.202406132123/tools/bin/../lib/gcc/arm-none-eabi/12.3.1/../../../../arm-none-eabi/lib/thumb/v7e-m+fp/hard/libc_nano.a(libc_a-mallocr.o)
                0x080048dc                _malloc_r
 .text.__malloc_lock
                0x080049dc        0xc /opt/st/stm32cubeide_1.16.0_2/plugins/com.st.stm32cube.ide.mcu.externaltools.gnu-tools-for-stm32.12.3.rel1.linux64_1.0.200.202406132123/tools/bin/../lib/gcc/arm-none-eabi/12.3.1/../../../../arm-none-eabi/lib/thumb/v7e-m+fp/hard/libc_nano.a(libc_a-mlock.o)
                0x080049dc                __malloc_lock
 .text.__malloc_unlock
                0x080049e8        0xc /opt/st/stm32cubeide_1.16.0_2/plugins/com.st.stm32cube.ide.mcu.externaltools.gnu-tools-for-stm32.12.3.rel1.linux64_1.0.200.202406132123/tools/bin/../lib/gcc/arm-none-eabi/12.3.1/../../../../arm-none-eabi/lib/thumb/v7e-m+fp/hard/libc_nano.a(libc_a-mlock.o)
                0x080049e8                __malloc_unlock
 .text.__sfputc_r
                0x080049f4       0x2e /opt/st/stm32cubeide_1.16.0_2/plugins/com.st.stm32cube.ide.mcu.externaltools.gnu-tools-for-stm32.12.3.rel1.linux64_1.0.200.202406132123/tools/bin/../lib/gcc/arm-none-eabi/12.3.1/../../../../arm-none-eabi/lib/thumb/v7e-m+fp/hard/libc_nano.a(libc_a-nano-vfprintf.o)
 .text.__sfputs_r
                0x08004a22       0x24 /opt/st/stm32cubeide_1.16.0_2/plugins/com.st.stm32cube.ide.mcu.externaltools.gnu-tools-for-stm32.12.3.rel1.linux64_1.0.200.202406132123/tools/bin/../lib/gcc/arm-none-eabi/12.3.1/../../../../arm-none-eabi/lib/thumb/v7e-m+fp/hard/libc_nano.a(libc_a-nano-vfprintf.o)
                0x08004a22                __sfputs_r
 *fill*         0x08004a46        0x2 
 .text._vfprintf_r
                0x08004a48      0x230 /opt/st/stm32cubeide_1.16.0_2/plugins/com.st.stm32cube.ide.mcu.externaltools.gnu-tools-for-stm32.12.3.rel1.linux64_1.0.200.202406132123/tools/bin/../lib/gcc/arm-none-eabi/12.3.1/../../../../arm-none-eabi/lib/thumb/v7e-m+fp/hard/libc_nano.a(libc_a-nano-vfprintf.o)
                0x08004a48                _vfiprintf_r
                0x08004a48                _vfprintf_r
 .text._printf_common
                0x08004c78       0xda /opt/st/stm32cubeide_1.16.0_2/plugins/com.st.stm32cube.ide.mcu.externaltools.gnu-tools-for-stm32.12.3.rel1.linux64_1.0.200.202406132123/tools/bin/../lib/gcc/arm-none-eabi/12.3.1/../../../../arm-none-eabi/lib/thumb/v7e-m+fp/hard/libc_nano.a(libc_a-nano-vfprintf_i.o)
                0x08004c78                _printf_common
 *fill*         0x08004d52        0x2 
 .text._printf_i
                0x08004d54      0x240 /opt/st/stm32cubeide_1.16.0_2/plugins/com.st.stm32cube.ide.mcu.externaltools.gnu-tools-for-stm32.12.3.rel1.linux64_1.0.200.202406132123/tools/bin/../lib/gcc/arm-none-eabi/12.3.1/../../../../arm-none-eabi/lib/thumb/v7e-m+fp/hard/libc_nano.a(libc_a-nano-vfprintf_i.o)
                0x08004d54                _printf_i
 .text.__sflush_r
                0x08004f94      0x108 /opt/st/stm32cubeide_1.16.0_2/plugins/com.st.stm32cube.ide.mcu.externaltools.gnu-tools-for-stm32.12.3.rel1.linux64_1.0.200.202406132123/tools/bin/../lib/gcc/arm-none-eabi/12.3.1/../../../../arm-none-eabi/lib/thumb/v7e-m+fp/hard/libc_nano.a(libc_a-fflush.o)
                0x08004f94                __sflush_r
 .text._fflush_r
                0x0800509c       0x50 /opt/st/stm32cubeide_1.16.0_2/plugins/com.st.stm32cube.ide.mcu.externaltools.gnu-tools-for-stm32.12.3.rel1.linux64_1.0.200.202406132123/tools/bin/../lib/gcc/arm-none-eabi/12.3.1/../../../../arm-none-eabi/lib/thumb/v7e-m+fp/hard/libc_nano.a(libc_a-fflush.o)
                0x0800509c                _fflush_r
 .text.__swhatbuf_r
                0x080050ec       0x4c /opt/st/stm32cubeide_1.16.0_2/plugins/com.st.stm32cube.ide.mcu.externaltools.gnu-tools-for-stm32.12.3.rel1.linux64_1.0.200.202406132123/tools/bin/../lib/gcc/arm-none-eabi/12.3.1/../../../../arm-none-eabi/lib/thumb/v7e-m+fp/hard/libc_nano.a(libc_a-makebuf.o)
                0x080050ec                __swhatbuf_r
 .text.__smakebuf_r
                0x08005138       0x78 /opt/st/stm32cubeide_1.16.0_2/plugins/com.st.stm32cube.ide.mcu.externaltools.gnu-tools-for-stm32.12.3.rel1.linux64_1.0.200.202406132123/tools/bin/../lib/gcc/arm-none-eabi/12.3.1/../../../../arm-none-eabi/lib/thumb/v7e-m+fp/hard/libc_nano.a(libc_a-makebuf.o)
                0x08005138                __smakebuf_r
 .text._fstat_r
                0x080051b0       0x24 /opt/st/stm32cubeide_1.16.0_2/plugins/com.st.stm32cube.ide.mcu.externaltools.gnu-tools-for-stm32.12.3.rel1.linux64_1.0.200.202406132123/tools/bin/../lib/gcc/arm-none-eabi/12.3.1/../../../../arm-none-eabi/lib/thumb/v7e-m+fp/hard/libc_nano.a(libc_a-fstatr.o)
                0x080051b0                _fstat_r
 .text._isatty_r
                0x080051d4       0x20 /opt/st/stm32cubeide_1.16.0_2/plugins/com.st.stm32cube.ide.mcu.externaltools.gnu-tools-for-stm32.12.3.rel1.linux64_1.0.200.202406132123/tools/bin/../lib/gcc/arm-none-eabi/12.3.1/../../../../arm-none-eabi/lib/thumb/v7e-m+fp/hard/libc_nano.a(libc_a-isattyr.o)
                0x080051d4                _isatty_r
 .text._sbrk_r  0x080051f4       0x20 /opt/st/stm32cubeide_1.16.0_2/plugins/com.st.stm32cube.ide.mcu.externaltools.gnu-tools-for-stm32.12.3.rel1.linux64_1.0.200.202406132123/tools/bin/../lib/gcc/arm-none-eabi/12.3.1/../../../../arm-none-eabi/lib/thumb/v7e-m+fp/hard/libc_nano.a(libc_a-sbrkr.o)
                0x080051f4                _sbrk_r
 *(.glue_7)
 .glue_7        0x08005214        0x0 linker stubs
 *(.glue_7t)
 .glue_7t       0x08005214        0x0 linker stubs
 *(.eh_frame)
 .eh_frame      0x08005214        0x0 /opt/st/stm32cubeide_1.16.0_2/plugins/com.st.stm32cube.ide.mcu.externaltools.gnu-tools-for-stm32.12.3.rel1.linux64_1.0.200.202406132123/tools/bin/../lib/gcc/arm-none-eabi/12.3.1/thumb/v7e-m+fp/hard/crtbegin.o
 *(.init)
 .init          0x08005214        0x4 /opt/st/stm32cubeide_1.16.0_2/plugins/com.st.stm32cube.ide.mcu.externaltools.gnu-tools-for-stm32.12.3.rel1.linux64_1.0.200.202406132123/tools/bin/../lib/gcc/arm-none-eabi/12.3.1/thumb/v7e-m+fp/hard/crti.o
                0x08005214                _init
 .init          0x08005218        0x8 /opt/st/stm32cubeide_1.16.0_2/plugins/com.st.stm32cube.ide.mcu.externaltools.gnu-tools-for-stm32.12.3.rel1.linux64_1.0.200.202406132123/tools/bin/../lib/gcc/arm-none-eabi/12.3.1/thumb/v7e-m+fp/hard/crtn.o
 *(.fini)
 .fini          0x08005220        0x4 /opt/st/stm32cubeide_1.16.0_2/plugins/com.st.stm32cube.ide.mcu.externaltools.gnu-tools-for-stm32.12.3.rel1.linux64_1.0.200.202406132123/tools/bin/../lib/gcc/arm-none-eabi/12.3.1/thumb/v7e-m+fp/hard/crti.o
                0x08005220                _fini
 .fini          0x08005224        0x8 /opt/st/stm32cubeide_1.16.0_2/plugins/com.st.stm32cube.ide.mcu.externaltools.gnu-tools-for-stm32.12.3.rel1.linux64_1.0.200.202406132123/tools/bin/../lib/gcc/arm-none-eabi/12.3.1/thumb/v7e-m+fp/hard/crtn.o
                0x0800522c                        . = ALIGN (0x4)
                0x0800522c                        _etext = .

.vfp11_veneer   0x0800522c        0x0
 .vfp11_veneer  0x0800522c        0x0 linker stubs

.v4_bx          0x0800522c        0x0
 .v4_bx         0x0800522c        0x0 linker stubs

.iplt           0x0800522c        0x0
 .iplt          0x0800522c        0x0 /opt/st/stm32cubeide_1.16.0_2/plugins/com.st.stm32cube.ide.mcu.externaltools.gnu-tools-for-stm32.12.3.rel1.linux64_1.0.200.202406132123/tools/bin/../lib/gcc/arm-none-eabi/12.3.1/thumb/v7e-m+fp/hard/crtbegin.o

.rodata         0x0800522c      0x558
                0x0800522c                        . = ALIGN (0x4)
 *(.rodata)
 .rodata        0x0800522c      0x3b1 ./Core/Src/BMP280_vincent.o
 *fill*         0x080055dd        0x3 
 .rodata        0x080055e0      0x154 ./Core/Src/main.o
 *(.rodata*)
 .rodata.BMP280_TRIM_REG_MSB
                0x08005734        0x1 ./Core/Src/BMP280_vincent.o
 .rodata.BMP280_TEMP_REG_MSB
                0x08005735        0x1 ./Core/Src/BMP280_vincent.o
 .rodata.BMP280_PRES_REG_MSB
                0x08005736        0x1 ./Core/Src/BMP280_vincent.o
 *fill*         0x08005737        0x1 
 .rodata.AHBPrescTable
                0x08005738       0x10 ./Core/Src/system_stm32f4xx.o
                0x08005738                AHBPrescTable
 .rodata.APBPrescTable
                0x08005748        0x8 ./Core/Src/system_stm32f4xx.o
                0x08005748                APBPrescTable
 .rodata._vfprintf_r.str1.1
                0x08005750       0x11 /opt/st/stm32cubeide_1.16.0_2/plugins/com.st.stm32cube.ide.mcu.externaltools.gnu-tools-for-stm32.12.3.rel1.linux64_1.0.200.202406132123/tools/bin/../lib/gcc/arm-none-eabi/12.3.1/../../../../arm-none-eabi/lib/thumb/v7e-m+fp/hard/libc_nano.a(libc_a-nano-vfprintf.o)
 .rodata._printf_i.str1.1
                0x08005761       0x22 /opt/st/stm32cubeide_1.16.0_2/plugins/com.st.stm32cube.ide.mcu.externaltools.gnu-tools-for-stm32.12.3.rel1.linux64_1.0.200.202406132123/tools/bin/../lib/gcc/arm-none-eabi/12.3.1/../../../../arm-none-eabi/lib/thumb/v7e-m+fp/hard/libc_nano.a(libc_a-nano-vfprintf_i.o)
                0x08005784                        . = ALIGN (0x4)
 *fill*         0x08005783        0x1 

.ARM.extab      0x08005784        0x0
                0x08005784                        . = ALIGN (0x4)
 *(.ARM.extab* .gnu.linkonce.armextab.*)
                0x08005784                        . = ALIGN (0x4)

.ARM            0x08005784        0x8
                0x08005784                        . = ALIGN (0x4)
                0x08005784                        __exidx_start = .
 *(.ARM.exidx*)
 .ARM.exidx     0x08005784        0x8 /opt/st/stm32cubeide_1.16.0_2/plugins/com.st.stm32cube.ide.mcu.externaltools.gnu-tools-for-stm32.12.3.rel1.linux64_1.0.200.202406132123/tools/bin/../lib/gcc/arm-none-eabi/12.3.1/../../../../arm-none-eabi/lib/thumb/v7e-m+fp/hard/libc_nano.a(libc_a-memchr.o)
 .ARM.exidx     0x0800578c        0x0 /opt/st/stm32cubeide_1.16.0_2/plugins/com.st.stm32cube.ide.mcu.externaltools.gnu-tools-for-stm32.12.3.rel1.linux64_1.0.200.202406132123/tools/bin/../lib/gcc/arm-none-eabi/12.3.1/thumb/v7e-m+fp/hard/libgcc.a(_udivmoddi4.o)
                                  0x8 (size before relaxing)
                0x0800578c                        __exidx_end = .
                0x0800578c                        . = ALIGN (0x4)

.preinit_array  0x0800578c        0x0
                0x0800578c                        . = ALIGN (0x4)
                0x0800578c                        PROVIDE (__preinit_array_start = .)
 *(.preinit_array*)
                0x0800578c                        PROVIDE (__preinit_array_end = .)
                0x0800578c                        . = ALIGN (0x4)

.init_array     0x0800578c        0x4
                0x0800578c                        . = ALIGN (0x4)
                0x0800578c                        PROVIDE (__init_array_start = .)
 *(SORT_BY_NAME(.init_array.*))
 *(.init_array*)
 .init_array    0x0800578c        0x4 /opt/st/stm32cubeide_1.16.0_2/plugins/com.st.stm32cube.ide.mcu.externaltools.gnu-tools-for-stm32.12.3.rel1.linux64_1.0.200.202406132123/tools/bin/../lib/gcc/arm-none-eabi/12.3.1/thumb/v7e-m+fp/hard/crtbegin.o
                0x08005790                        PROVIDE (__init_array_end = .)
                0x08005790                        . = ALIGN (0x4)

.fini_array     0x08005790        0x4
                0x08005790                        . = ALIGN (0x4)
                [!provide]                        PROVIDE (__fini_array_start = .)
 *(SORT_BY_NAME(.fini_array.*))
 *(.fini_array*)
 .fini_array    0x08005790        0x4 /opt/st/stm32cubeide_1.16.0_2/plugins/com.st.stm32cube.ide.mcu.externaltools.gnu-tools-for-stm32.12.3.rel1.linux64_1.0.200.202406132123/tools/bin/../lib/gcc/arm-none-eabi/12.3.1/thumb/v7e-m+fp/hard/crtbegin.o
                [!provide]                        PROVIDE (__fini_array_end = .)
                0x08005794                        . = ALIGN (0x4)
                0x08005794                        _sidata = LOADADDR (.data)

.rel.dyn        0x08005794        0x0
 .rel.iplt      0x08005794        0x0 /opt/st/stm32cubeide_1.16.0_2/plugins/com.st.stm32cube.ide.mcu.externaltools.gnu-tools-for-stm32.12.3.rel1.linux64_1.0.200.202406132123/tools/bin/../lib/gcc/arm-none-eabi/12.3.1/thumb/v7e-m+fp/hard/crtbegin.o

.data           0x20000000       0x6c load address 0x08005794
                0x20000000                        . = ALIGN (0x4)
                0x20000000                        _sdata = .
 *(.data)
 *(.data*)
 .data.ctrl_meas
                0x20000000        0x1 ./Core/Src/BMP280_vincent.o
                0x20000000                ctrl_meas
 *fill*         0x20000001        0x3 
 .data.SystemCoreClock
                0x20000004        0x4 ./Core/Src/system_stm32f4xx.o
                0x20000004                SystemCoreClock
 .data.uwTickPrio
                0x20000008        0x4 ./Drivers/STM32F4xx_HAL_Driver/Src/stm32f4xx_hal.o
                0x20000008                uwTickPrio
 .data.uwTickFreq
                0x2000000c        0x1 ./Drivers/STM32F4xx_HAL_Driver/Src/stm32f4xx_hal.o
                0x2000000c                uwTickFreq
 *fill*         0x2000000d        0x3 
 .data.__sglue  0x20000010        0xc /opt/st/stm32cubeide_1.16.0_2/plugins/com.st.stm32cube.ide.mcu.externaltools.gnu-tools-for-stm32.12.3.rel1.linux64_1.0.200.202406132123/tools/bin/../lib/gcc/arm-none-eabi/12.3.1/../../../../arm-none-eabi/lib/thumb/v7e-m+fp/hard/libc_nano.a(libc_a-findfp.o)
                0x20000010                __sglue
 .data._impure_ptr
                0x2000001c        0x4 /opt/st/stm32cubeide_1.16.0_2/plugins/com.st.stm32cube.ide.mcu.externaltools.gnu-tools-for-stm32.12.3.rel1.linux64_1.0.200.202406132123/tools/bin/../lib/gcc/arm-none-eabi/12.3.1/../../../../arm-none-eabi/lib/thumb/v7e-m+fp/hard/libc_nano.a(libc_a-impure.o)
                0x2000001c                _impure_ptr
 .data._impure_data
                0x20000020       0x4c /opt/st/stm32cubeide_1.16.0_2/plugins/com.st.stm32cube.ide.mcu.externaltools.gnu-tools-for-stm32.12.3.rel1.linux64_1.0.200.202406132123/tools/bin/../lib/gcc/arm-none-eabi/12.3.1/../../../../arm-none-eabi/lib/thumb/v7e-m+fp/hard/libc_nano.a(libc_a-impure.o)
                0x20000020                _impure_data
 *(.RamFunc)
 *(.RamFunc*)
                0x2000006c                        . = ALIGN (0x4)
                0x2000006c                        _edata = .

.igot.plt       0x2000006c        0x0 load address 0x08005800
 .igot.plt      0x2000006c        0x0 /opt/st/stm32cubeide_1.16.0_2/plugins/com.st.stm32cube.ide.mcu.externaltools.gnu-tools-for-stm32.12.3.rel1.linux64_1.0.200.202406132123/tools/bin/../lib/gcc/arm-none-eabi/12.3.1/thumb/v7e-m+fp/hard/crtbegin.o
                0x2000006c                        . = ALIGN (0x4)

.bss            0x2000006c      0x274 load address 0x08005800
                0x2000006c                        _sbss = .
                0x2000006c                        __bss_start__ = _sbss
 *(.bss)
 .bss           0x2000006c       0x1c /opt/st/stm32cubeide_1.16.0_2/plugins/com.st.stm32cube.ide.mcu.externaltools.gnu-tools-for-stm32.12.3.rel1.linux64_1.0.200.202406132123/tools/bin/../lib/gcc/arm-none-eabi/12.3.1/thumb/v7e-m+fp/hard/crtbegin.o
 *(.bss*)
 .bss.retour    0x20000088        0x1 ./Core/Src/BMP280_vincent.o
                0x20000088                retour
 *fill*         0x20000089        0x1 
 .bss.dig_T1    0x2000008a        0x2 ./Core/Src/BMP280_vincent.o
                0x2000008a                dig_T1
 .bss.dig_T2    0x2000008c        0x2 ./Core/Src/BMP280_vincent.o
                0x2000008c                dig_T2
 .bss.dig_T3    0x2000008e        0x2 ./Core/Src/BMP280_vincent.o
                0x2000008e                dig_T3
 .bss.dig_P1    0x20000090        0x2 ./Core/Src/BMP280_vincent.o
                0x20000090                dig_P1
 .bss.dig_P2    0x20000092        0x2 ./Core/Src/BMP280_vincent.o
                0x20000092                dig_P2
 .bss.dig_P3    0x20000094        0x2 ./Core/Src/BMP280_vincent.o
                0x20000094                dig_P3
 .bss.dig_P4    0x20000096        0x2 ./Core/Src/BMP280_vincent.o
                0x20000096                dig_P4
 .bss.dig_P5    0x20000098        0x2 ./Core/Src/BMP280_vincent.o
                0x20000098                dig_P5
 .bss.dig_P6    0x2000009a        0x2 ./Core/Src/BMP280_vincent.o
                0x2000009a                dig_P6
 .bss.dig_P7    0x2000009c        0x2 ./Core/Src/BMP280_vincent.o
                0x2000009c                dig_P7
 .bss.dig_P8    0x2000009e        0x2 ./Core/Src/BMP280_vincent.o
                0x2000009e                dig_P8
 .bss.dig_P9    0x200000a0        0x2 ./Core/Src/BMP280_vincent.o
                0x200000a0                dig_P9
 *fill*         0x200000a2        0x2 
 .bss.t_fine    0x200000a4        0x4 ./Core/Src/BMP280_vincent.o
                0x200000a4                t_fine
 .bss.hi2c1     0x200000a8       0x54 ./Core/Src/main.o
                0x200000a8                hi2c1
 .bss.huart2    0x200000fc       0x48 ./Core/Src/main.o
                0x200000fc                huart2
 .bss.huart3    0x20000144       0x48 ./Core/Src/main.o
                0x20000144                huart3
 .bss.__sbrk_heap_end
                0x2000018c        0x4 ./Core/Src/sysmem.o
 .bss.uwTick    0x20000190        0x4 ./Drivers/STM32F4xx_HAL_Driver/Src/stm32f4xx_hal.o
                0x20000190                uwTick
 .bss.__sf      0x20000194      0x138 /opt/st/stm32cubeide_1.16.0_2/plugins/com.st.stm32cube.ide.mcu.externaltools.gnu-tools-for-stm32.12.3.rel1.linux64_1.0.200.202406132123/tools/bin/../lib/gcc/arm-none-eabi/12.3.1/../../../../arm-none-eabi/lib/thumb/v7e-m+fp/hard/libc_nano.a(libc_a-findfp.o)
                0x20000194                __sf
 .bss.__stdio_exit_handler
                0x200002cc        0x4 /opt/st/stm32cubeide_1.16.0_2/plugins/com.st.stm32cube.ide.mcu.externaltools.gnu-tools-for-stm32.12.3.rel1.linux64_1.0.200.202406132123/tools/bin/../lib/gcc/arm-none-eabi/12.3.1/../../../../arm-none-eabi/lib/thumb/v7e-m+fp/hard/libc_nano.a(libc_a-findfp.o)
                0x200002cc                __stdio_exit_handler
 .bss.errno     0x200002d0        0x4 /opt/st/stm32cubeide_1.16.0_2/plugins/com.st.stm32cube.ide.mcu.externaltools.gnu-tools-for-stm32.12.3.rel1.linux64_1.0.200.202406132123/tools/bin/../lib/gcc/arm-none-eabi/12.3.1/../../../../arm-none-eabi/lib/thumb/v7e-m+fp/hard/libc_nano.a(libc_a-reent.o)
                0x200002d0                errno
 .bss.__lock___malloc_recursive_mutex
                0x200002d4        0x1 /opt/st/stm32cubeide_1.16.0_2/plugins/com.st.stm32cube.ide.mcu.externaltools.gnu-tools-for-stm32.12.3.rel1.linux64_1.0.200.202406132123/tools/bin/../lib/gcc/arm-none-eabi/12.3.1/../../../../arm-none-eabi/lib/thumb/v7e-m+fp/hard/libc_nano.a(libc_a-lock.o)
                0x200002d4                __lock___malloc_recursive_mutex
 .bss.__lock___sfp_recursive_mutex
                0x200002d5        0x1 /opt/st/stm32cubeide_1.16.0_2/plugins/com.st.stm32cube.ide.mcu.externaltools.gnu-tools-for-stm32.12.3.rel1.linux64_1.0.200.202406132123/tools/bin/../lib/gcc/arm-none-eabi/12.3.1/../../../../arm-none-eabi/lib/thumb/v7e-m+fp/hard/libc_nano.a(libc_a-lock.o)
                0x200002d5                __lock___sfp_recursive_mutex
 *fill*         0x200002d6        0x2 
 .bss.__malloc_sbrk_start
                0x200002d8        0x4 /opt/st/stm32cubeide_1.16.0_2/plugins/com.st.stm32cube.ide.mcu.externaltools.gnu-tools-for-stm32.12.3.rel1.linux64_1.0.200.202406132123/tools/bin/../lib/gcc/arm-none-eabi/12.3.1/../../../../arm-none-eabi/lib/thumb/v7e-m+fp/hard/libc_nano.a(libc_a-mallocr.o)
                0x200002d8                __malloc_sbrk_start
 .bss.__malloc_free_list
                0x200002dc        0x4 /opt/st/stm32cubeide_1.16.0_2/plugins/com.st.stm32cube.ide.mcu.externaltools.gnu-tools-for-stm32.12.3.rel1.linux64_1.0.200.202406132123/tools/bin/../lib/gcc/arm-none-eabi/12.3.1/../../../../arm-none-eabi/lib/thumb/v7e-m+fp/hard/libc_nano.a(libc_a-mallocr.o)
                0x200002dc                __malloc_free_list
 *(COMMON)
                0x200002e0                        . = ALIGN (0x4)
                0x200002e0                        _ebss = .
                0x200002e0                        __bss_end__ = _ebss

._user_heap_stack
                0x200002e0      0x600 load address 0x08005800
                0x200002e0                        . = ALIGN (0x8)
                [!provide]                        PROVIDE (end = .)
                0x200002e0                        PROVIDE (_end = .)
                0x200004e0                        . = (. + _Min_Heap_Size)
 *fill*         0x200002e0      0x200 
                0x200008e0                        . = (. + _Min_Stack_Size)
 *fill*         0x200004e0      0x400 
                0x200008e0                        . = ALIGN (0x8)

/DISCARD/
 libc.a(*)
 libm.a(*)
 libgcc.a(*)

.ARM.attributes
                0x00000000       0x30
 *(.ARM.attributes)
 .ARM.attributes
                0x00000000       0x22 /opt/st/stm32cubeide_1.16.0_2/plugins/com.st.stm32cube.ide.mcu.externaltools.gnu-tools-for-stm32.12.3.rel1.linux64_1.0.200.202406132123/tools/bin/../lib/gcc/arm-none-eabi/12.3.1/thumb/v7e-m+fp/hard/crti.o
 .ARM.attributes
                0x00000022       0x34 /opt/st/stm32cubeide_1.16.0_2/plugins/com.st.stm32cube.ide.mcu.externaltools.gnu-tools-for-stm32.12.3.rel1.linux64_1.0.200.202406132123/tools/bin/../lib/gcc/arm-none-eabi/12.3.1/thumb/v7e-m+fp/hard/crtbegin.o
 .ARM.attributes
                0x00000056       0x34 ./Core/Src/BMP280_vincent.o
 .ARM.attributes
                0x0000008a       0x34 ./Core/Src/main.o
 .ARM.attributes
                0x000000be       0x34 ./Core/Src/stm32f4xx_hal_msp.o
 .ARM.attributes
                0x000000f2       0x34 ./Core/Src/stm32f4xx_it.o
 .ARM.attributes
                0x00000126       0x34 ./Core/Src/syscalls.o
 .ARM.attributes
                0x0000015a       0x34 ./Core/Src/sysmem.o
 .ARM.attributes
                0x0000018e       0x34 ./Core/Src/system_stm32f4xx.o
 .ARM.attributes
                0x000001c2       0x21 ./Core/Startup/startup_stm32f446retx.o
 .ARM.attributes
                0x000001e3       0x34 ./Drivers/STM32F4xx_HAL_Driver/Src/stm32f4xx_hal.o
 .ARM.attributes
                0x00000217       0x34 ./Drivers/STM32F4xx_HAL_Driver/Src/stm32f4xx_hal_cortex.o
 .ARM.attributes
                0x0000024b       0x34 ./Drivers/STM32F4xx_HAL_Driver/Src/stm32f4xx_hal_gpio.o
 .ARM.attributes
                0x0000027f       0x34 ./Drivers/STM32F4xx_HAL_Driver/Src/stm32f4xx_hal_i2c.o
 .ARM.attributes
                0x000002b3       0x34 ./Drivers/STM32F4xx_HAL_Driver/Src/stm32f4xx_hal_rcc.o
 .ARM.attributes
                0x000002e7       0x34 ./Drivers/STM32F4xx_HAL_Driver/Src/stm32f4xx_hal_rcc_ex.o
 .ARM.attributes
                0x0000031b       0x34 ./Drivers/STM32F4xx_HAL_Driver/Src/stm32f4xx_hal_uart.o
 .ARM.attributes
                0x0000034f       0x34 /opt/st/stm32cubeide_1.16.0_2/plugins/com.st.stm32cube.ide.mcu.externaltools.gnu-tools-for-stm32.12.3.rel1.linux64_1.0.200.202406132123/tools/bin/../lib/gcc/arm-none-eabi/12.3.1/../../../../arm-none-eabi/lib/thumb/v7e-m+fp/hard/libc_nano.a(libc_a-findfp.o)
 .ARM.attributes
                0x00000383       0x34 /opt/st/stm32cubeide_1.16.0_2/plugins/com.st.stm32cube.ide.mcu.externaltools.gnu-tools-for-stm32.12.3.rel1.linux64_1.0.200.202406132123/tools/bin/../lib/gcc/arm-none-eabi/12.3.1/../../../../arm-none-eabi/lib/thumb/v7e-m+fp/hard/libc_nano.a(libc_a-fwalk.o)
 .ARM.attributes
                0x000003b7       0x34 /opt/st/stm32cubeide_1.16.0_2/plugins/com.st.stm32cube.ide.mcu.externaltools.gnu-tools-for-stm32.12.3.rel1.linux64_1.0.200.202406132123/tools/bin/../lib/gcc/arm-none-eabi/12.3.1/../../../../arm-none-eabi/lib/thumb/v7e-m+fp/hard/libc_nano.a(libc_a-printf.o)
 .ARM.attributes
                0x000003eb       0x34 /opt/st/stm32cubeide_1.16.0_2/plugins/com.st.stm32cube.ide.mcu.externaltools.gnu-tools-for-stm32.12.3.rel1.linux64_1.0.200.202406132123/tools/bin/../lib/gcc/arm-none-eabi/12.3.1/../../../../arm-none-eabi/lib/thumb/v7e-m+fp/hard/libc_nano.a(libc_a-puts.o)
 .ARM.attributes
                0x0000041f       0x34 /opt/st/stm32cubeide_1.16.0_2/plugins/com.st.stm32cube.ide.mcu.externaltools.gnu-tools-for-stm32.12.3.rel1.linux64_1.0.200.202406132123/tools/bin/../lib/gcc/arm-none-eabi/12.3.1/../../../../arm-none-eabi/lib/thumb/v7e-m+fp/hard/libc_nano.a(libc_a-stdio.o)
 .ARM.attributes
                0x00000453       0x34 /opt/st/stm32cubeide_1.16.0_2/plugins/com.st.stm32cube.ide.mcu.externaltools.gnu-tools-for-stm32.12.3.rel1.linux64_1.0.200.202406132123/tools/bin/../lib/gcc/arm-none-eabi/12.3.1/../../../../arm-none-eabi/lib/thumb/v7e-m+fp/hard/libc_nano.a(libc_a-wbuf.o)
 .ARM.attributes
                0x00000487       0x34 /opt/st/stm32cubeide_1.16.0_2/plugins/com.st.stm32cube.ide.mcu.externaltools.gnu-tools-for-stm32.12.3.rel1.linux64_1.0.200.202406132123/tools/bin/../lib/gcc/arm-none-eabi/12.3.1/../../../../arm-none-eabi/lib/thumb/v7e-m+fp/hard/libc_nano.a(libc_a-wsetup.o)
 .ARM.attributes
                0x000004bb       0x34 /opt/st/stm32cubeide_1.16.0_2/plugins/com.st.stm32cube.ide.mcu.externaltools.gnu-tools-for-stm32.12.3.rel1.linux64_1.0.200.202406132123/tools/bin/../lib/gcc/arm-none-eabi/12.3.1/../../../../arm-none-eabi/lib/thumb/v7e-m+fp/hard/libc_nano.a(libc_a-memset.o)
 .ARM.attributes
                0x000004ef       0x34 /opt/st/stm32cubeide_1.16.0_2/plugins/com.st.stm32cube.ide.mcu.externaltools.gnu-tools-for-stm32.12.3.rel1.linux64_1.0.200.202406132123/tools/bin/../lib/gcc/arm-none-eabi/12.3.1/../../../../arm-none-eabi/lib/thumb/v7e-m+fp/hard/libc_nano.a(libc_a-closer.o)
 .ARM.attributes
                0x00000523       0x34 /opt/st/stm32cubeide_1.16.0_2/plugins/com.st.stm32cube.ide.mcu.externaltools.gnu-tools-for-stm32.12.3.rel1.linux64_1.0.200.202406132123/tools/bin/../lib/gcc/arm-none-eabi/12.3.1/../../../../arm-none-eabi/lib/thumb/v7e-m+fp/hard/libc_nano.a(libc_a-reent.o)
 .ARM.attributes
                0x00000557       0x34 /opt/st/stm32cubeide_1.16.0_2/plugins/com.st.stm32cube.ide.mcu.externaltools.gnu-tools-for-stm32.12.3.rel1.linux64_1.0.200.202406132123/tools/bin/../lib/gcc/arm-none-eabi/12.3.1/../../../../arm-none-eabi/lib/thumb/v7e-m+fp/hard/libc_nano.a(libc_a-impure.o)
 .ARM.attributes
                0x0000058b       0x34 /opt/st/stm32cubeide_1.16.0_2/plugins/com.st.stm32cube.ide.mcu.externaltools.gnu-tools-for-stm32.12.3.rel1.linux64_1.0.200.202406132123/tools/bin/../lib/gcc/arm-none-eabi/12.3.1/../../../../arm-none-eabi/lib/thumb/v7e-m+fp/hard/libc_nano.a(libc_a-lseekr.o)
 .ARM.attributes
                0x000005bf       0x34 /opt/st/stm32cubeide_1.16.0_2/plugins/com.st.stm32cube.ide.mcu.externaltools.gnu-tools-for-stm32.12.3.rel1.linux64_1.0.200.202406132123/tools/bin/../lib/gcc/arm-none-eabi/12.3.1/../../../../arm-none-eabi/lib/thumb/v7e-m+fp/hard/libc_nano.a(libc_a-readr.o)
 .ARM.attributes
                0x000005f3       0x34 /opt/st/stm32cubeide_1.16.0_2/plugins/com.st.stm32cube.ide.mcu.externaltools.gnu-tools-for-stm32.12.3.rel1.linux64_1.0.200.202406132123/tools/bin/../lib/gcc/arm-none-eabi/12.3.1/../../../../arm-none-eabi/lib/thumb/v7e-m+fp/hard/libc_nano.a(libc_a-writer.o)
 .ARM.attributes
                0x00000627       0x34 /opt/st/stm32cubeide_1.16.0_2/plugins/com.st.stm32cube.ide.mcu.externaltools.gnu-tools-for-stm32.12.3.rel1.linux64_1.0.200.202406132123/tools/bin/../lib/gcc/arm-none-eabi/12.3.1/../../../../arm-none-eabi/lib/thumb/v7e-m+fp/hard/libc_nano.a(libc_a-errno.o)
 .ARM.attributes
                0x0000065b       0x34 /opt/st/stm32cubeide_1.16.0_2/plugins/com.st.stm32cube.ide.mcu.externaltools.gnu-tools-for-stm32.12.3.rel1.linux64_1.0.200.202406132123/tools/bin/../lib/gcc/arm-none-eabi/12.3.1/../../../../arm-none-eabi/lib/thumb/v7e-m+fp/hard/libc_nano.a(libc_a-init.o)
 .ARM.attributes
                0x0000068f       0x34 /opt/st/stm32cubeide_1.16.0_2/plugins/com.st.stm32cube.ide.mcu.externaltools.gnu-tools-for-stm32.12.3.rel1.linux64_1.0.200.202406132123/tools/bin/../lib/gcc/arm-none-eabi/12.3.1/../../../../arm-none-eabi/lib/thumb/v7e-m+fp/hard/libc_nano.a(libc_a-lock.o)
 .ARM.attributes
                0x000006c3       0x34 /opt/st/stm32cubeide_1.16.0_2/plugins/com.st.stm32cube.ide.mcu.externaltools.gnu-tools-for-stm32.12.3.rel1.linux64_1.0.200.202406132123/tools/bin/../lib/gcc/arm-none-eabi/12.3.1/../../../../arm-none-eabi/lib/thumb/v7e-m+fp/hard/libc_nano.a(libc_a-freer.o)
 .ARM.attributes
                0x000006f7       0x34 /opt/st/stm32cubeide_1.16.0_2/plugins/com.st.stm32cube.ide.mcu.externaltools.gnu-tools-for-stm32.12.3.rel1.linux64_1.0.200.202406132123/tools/bin/../lib/gcc/arm-none-eabi/12.3.1/../../../../arm-none-eabi/lib/thumb/v7e-m+fp/hard/libc_nano.a(libc_a-mallocr.o)
 .ARM.attributes
                0x0000072b       0x34 /opt/st/stm32cubeide_1.16.0_2/plugins/com.st.stm32cube.ide.mcu.externaltools.gnu-tools-for-stm32.12.3.rel1.linux64_1.0.200.202406132123/tools/bin/../lib/gcc/arm-none-eabi/12.3.1/../../../../arm-none-eabi/lib/thumb/v7e-m+fp/hard/libc_nano.a(libc_a-mlock.o)
 .ARM.attributes
                0x0000075f       0x34 /opt/st/stm32cubeide_1.16.0_2/plugins/com.st.stm32cube.ide.mcu.externaltools.gnu-tools-for-stm32.12.3.rel1.linux64_1.0.200.202406132123/tools/bin/../lib/gcc/arm-none-eabi/12.3.1/../../../../arm-none-eabi/lib/thumb/v7e-m+fp/hard/libc_nano.a(libc_a-nano-vfprintf.o)
 .ARM.attributes
                0x00000793       0x34 /opt/st/stm32cubeide_1.16.0_2/plugins/com.st.stm32cube.ide.mcu.externaltools.gnu-tools-for-stm32.12.3.rel1.linux64_1.0.200.202406132123/tools/bin/../lib/gcc/arm-none-eabi/12.3.1/../../../../arm-none-eabi/lib/thumb/v7e-m+fp/hard/libc_nano.a(libc_a-nano-vfprintf_i.o)
 .ARM.attributes
                0x000007c7       0x34 /opt/st/stm32cubeide_1.16.0_2/plugins/com.st.stm32cube.ide.mcu.externaltools.gnu-tools-for-stm32.12.3.rel1.linux64_1.0.200.202406132123/tools/bin/../lib/gcc/arm-none-eabi/12.3.1/../../../../arm-none-eabi/lib/thumb/v7e-m+fp/hard/libc_nano.a(libc_a-fflush.o)
 .ARM.attributes
                0x000007fb       0x34 /opt/st/stm32cubeide_1.16.0_2/plugins/com.st.stm32cube.ide.mcu.externaltools.gnu-tools-for-stm32.12.3.rel1.linux64_1.0.200.202406132123/tools/bin/../lib/gcc/arm-none-eabi/12.3.1/../../../../arm-none-eabi/lib/thumb/v7e-m+fp/hard/libc_nano.a(libc_a-makebuf.o)
 .ARM.attributes
                0x0000082f       0x34 /opt/st/stm32cubeide_1.16.0_2/plugins/com.st.stm32cube.ide.mcu.externaltools.gnu-tools-for-stm32.12.3.rel1.linux64_1.0.200.202406132123/tools/bin/../lib/gcc/arm-none-eabi/12.3.1/../../../../arm-none-eabi/lib/thumb/v7e-m+fp/hard/libc_nano.a(libc_a-fstatr.o)
 .ARM.attributes
                0x00000863       0x34 /opt/st/stm32cubeide_1.16.0_2/plugins/com.st.stm32cube.ide.mcu.externaltools.gnu-tools-for-stm32.12.3.rel1.linux64_1.0.200.202406132123/tools/bin/../lib/gcc/arm-none-eabi/12.3.1/../../../../arm-none-eabi/lib/thumb/v7e-m+fp/hard/libc_nano.a(libc_a-isattyr.o)
 .ARM.attributes
                0x00000897       0x34 /opt/st/stm32cubeide_1.16.0_2/plugins/com.st.stm32cube.ide.mcu.externaltools.gnu-tools-for-stm32.12.3.rel1.linux64_1.0.200.202406132123/tools/bin/../lib/gcc/arm-none-eabi/12.3.1/../../../../arm-none-eabi/lib/thumb/v7e-m+fp/hard/libc_nano.a(libc_a-sbrkr.o)
 .ARM.attributes
                0x000008cb       0x1c /opt/st/stm32cubeide_1.16.0_2/plugins/com.st.stm32cube.ide.mcu.externaltools.gnu-tools-for-stm32.12.3.rel1.linux64_1.0.200.202406132123/tools/bin/../lib/gcc/arm-none-eabi/12.3.1/../../../../arm-none-eabi/lib/thumb/v7e-m+fp/hard/libc_nano.a(libc_a-memchr.o)
 .ARM.attributes
                0x000008e7       0x22 /opt/st/stm32cubeide_1.16.0_2/plugins/com.st.stm32cube.ide.mcu.externaltools.gnu-tools-for-stm32.12.3.rel1.linux64_1.0.200.202406132123/tools/bin/../lib/gcc/arm-none-eabi/12.3.1/thumb/v7e-m+fp/hard/libgcc.a(_aeabi_ldivmod.o)
 .ARM.attributes
                0x00000909       0x22 /opt/st/stm32cubeide_1.16.0_2/plugins/com.st.stm32cube.ide.mcu.externaltools.gnu-tools-for-stm32.12.3.rel1.linux64_1.0.200.202406132123/tools/bin/../lib/gcc/arm-none-eabi/12.3.1/thumb/v7e-m+fp/hard/libgcc.a(_aeabi_uldivmod.o)
 .ARM.attributes
                0x0000092b       0x34 /opt/st/stm32cubeide_1.16.0_2/plugins/com.st.stm32cube.ide.mcu.externaltools.gnu-tools-for-stm32.12.3.rel1.linux64_1.0.200.202406132123/tools/bin/../lib/gcc/arm-none-eabi/12.3.1/thumb/v7e-m+fp/hard/libgcc.a(_udivmoddi4.o)
 .ARM.attributes
                0x0000095f       0x22 /opt/st/stm32cubeide_1.16.0_2/plugins/com.st.stm32cube.ide.mcu.externaltools.gnu-tools-for-stm32.12.3.rel1.linux64_1.0.200.202406132123/tools/bin/../lib/gcc/arm-none-eabi/12.3.1/thumb/v7e-m+fp/hard/libgcc.a(_dvmd_tls.o)
 .ARM.attributes
                0x00000981       0x22 /opt/st/stm32cubeide_1.16.0_2/plugins/com.st.stm32cube.ide.mcu.externaltools.gnu-tools-for-stm32.12.3.rel1.linux64_1.0.200.202406132123/tools/bin/../lib/gcc/arm-none-eabi/12.3.1/thumb/v7e-m+fp/hard/crtn.o
OUTPUT(bus_reseau_tp1.elf elf32-littlearm)
LOAD linker stubs
LOAD /opt/st/stm32cubeide_1.16.0_2/plugins/com.st.stm32cube.ide.mcu.externaltools.gnu-tools-for-stm32.12.3.rel1.linux64_1.0.200.202406132123/tools/bin/../lib/gcc/arm-none-eabi/12.3.1/../../../../arm-none-eabi/lib/thumb/v7e-m+fp/hard/libc.a
LOAD /opt/st/stm32cubeide_1.16.0_2/plugins/com.st.stm32cube.ide.mcu.externaltools.gnu-tools-for-stm32.12.3.rel1.linux64_1.0.200.202406132123/tools/bin/../lib/gcc/arm-none-eabi/12.3.1/../../../../arm-none-eabi/lib/thumb/v7e-m+fp/hard/libm.a
LOAD /opt/st/stm32cubeide_1.16.0_2/plugins/com.st.stm32cube.ide.mcu.externaltools.gnu-tools-for-stm32.12.3.rel1.linux64_1.0.200.202406132123/tools/bin/../lib/gcc/arm-none-eabi/12.3.1/thumb/v7e-m+fp/hard/libgcc.a

.debug_info     0x00000000     0xbb27
 .debug_info    0x00000000      0xb19 ./Core/Src/BMP280_vincent.o
 .debug_info    0x00000b19     0x105e ./Core/Src/main.o
 .debug_info    0x00001b77      0xd19 ./Core/Src/stm32f4xx_hal_msp.o
 .debug_info    0x00002890      0x112 ./Core/Src/stm32f4xx_it.o
 .debug_info    0x000029a2      0x6a3 ./Core/Src/syscalls.o
 .debug_info    0x00003045      0x168 ./Core/Src/sysmem.o
 .debug_info    0x000031ad      0x54a ./Core/Src/system_stm32f4xx.o
 .debug_info    0x000036f7       0x30 ./Core/Startup/startup_stm32f446retx.o
 .debug_info    0x00003727      0x99a ./Drivers/STM32F4xx_HAL_Driver/Src/stm32f4xx_hal.o
 .debug_info    0x000040c1      0xdaa ./Drivers/STM32F4xx_HAL_Driver/Src/stm32f4xx_hal_cortex.o
 .debug_info    0x00004e6b      0x70b ./Drivers/STM32F4xx_HAL_Driver/Src/stm32f4xx_hal_gpio.o
 .debug_info    0x00005576     0x2421 ./Drivers/STM32F4xx_HAL_Driver/Src/stm32f4xx_hal_i2c.o
 .debug_info    0x00007997      0x8eb ./Drivers/STM32F4xx_HAL_Driver/Src/stm32f4xx_hal_rcc.o
 .debug_info    0x00008282      0x956 ./Drivers/STM32F4xx_HAL_Driver/Src/stm32f4xx_hal_rcc_ex.o
 .debug_info    0x00008bd8     0x2f4f ./Drivers/STM32F4xx_HAL_Driver/Src/stm32f4xx_hal_uart.o

.debug_abbrev   0x00000000     0x1cf5
 .debug_abbrev  0x00000000      0x280 ./Core/Src/BMP280_vincent.o
 .debug_abbrev  0x00000280      0x2b5 ./Core/Src/main.o
 .debug_abbrev  0x00000535      0x21c ./Core/Src/stm32f4xx_hal_msp.o
 .debug_abbrev  0x00000751       0x73 ./Core/Src/stm32f4xx_it.o
 .debug_abbrev  0x000007c4      0x1b6 ./Core/Src/syscalls.o
 .debug_abbrev  0x0000097a       0xbc ./Core/Src/sysmem.o
 .debug_abbrev  0x00000a36      0x11a ./Core/Src/system_stm32f4xx.o
 .debug_abbrev  0x00000b50       0x24 ./Core/Startup/startup_stm32f446retx.o
 .debug_abbrev  0x00000b74      0x214 ./Drivers/STM32F4xx_HAL_Driver/Src/stm32f4xx_hal.o
 .debug_abbrev  0x00000d88      0x31d ./Drivers/STM32F4xx_HAL_Driver/Src/stm32f4xx_hal_cortex.o
 .debug_abbrev  0x000010a5      0x1d4 ./Drivers/STM32F4xx_HAL_Driver/Src/stm32f4xx_hal_gpio.o
 .debug_abbrev  0x00001279      0x2ad ./Drivers/STM32F4xx_HAL_Driver/Src/stm32f4xx_hal_i2c.o
 .debug_abbrev  0x00001526      0x2b7 ./Drivers/STM32F4xx_HAL_Driver/Src/stm32f4xx_hal_rcc.o
 .debug_abbrev  0x000017dd      0x20a ./Drivers/STM32F4xx_HAL_Driver/Src/stm32f4xx_hal_rcc_ex.o
 .debug_abbrev  0x000019e7      0x30e ./Drivers/STM32F4xx_HAL_Driver/Src/stm32f4xx_hal_uart.o

.debug_aranges  0x00000000      0xa88
 .debug_aranges
                0x00000000       0x50 ./Core/Src/BMP280_vincent.o
 .debug_aranges
                0x00000050       0x50 ./Core/Src/main.o
 .debug_aranges
                0x000000a0       0x48 ./Core/Src/stm32f4xx_hal_msp.o
 .debug_aranges
                0x000000e8       0x60 ./Core/Src/stm32f4xx_it.o
 .debug_aranges
                0x00000148       0xa8 ./Core/Src/syscalls.o
 .debug_aranges
                0x000001f0       0x20 ./Core/Src/sysmem.o
 .debug_aranges
                0x00000210       0x28 ./Core/Src/system_stm32f4xx.o
 .debug_aranges
                0x00000238       0x28 ./Core/Startup/startup_stm32f446retx.o
 .debug_aranges
                0x00000260       0xf0 ./Drivers/STM32F4xx_HAL_Driver/Src/stm32f4xx_hal.o
 .debug_aranges
                0x00000350      0x130 ./Drivers/STM32F4xx_HAL_Driver/Src/stm32f4xx_hal_cortex.o
 .debug_aranges
                0x00000480       0x58 ./Drivers/STM32F4xx_HAL_Driver/Src/stm32f4xx_hal_gpio.o
 .debug_aranges
                0x000004d8      0x2a8 ./Drivers/STM32F4xx_HAL_Driver/Src/stm32f4xx_hal_i2c.o
 .debug_aranges
                0x00000780       0x88 ./Drivers/STM32F4xx_HAL_Driver/Src/stm32f4xx_hal_rcc.o
 .debug_aranges
                0x00000808       0x78 ./Drivers/STM32F4xx_HAL_Driver/Src/stm32f4xx_hal_rcc_ex.o
 .debug_aranges
                0x00000880      0x208 ./Drivers/STM32F4xx_HAL_Driver/Src/stm32f4xx_hal_uart.o

.debug_rnglists
                0x00000000      0x837
 .debug_rnglists
                0x00000000       0x3e ./Core/Src/BMP280_vincent.o
 .debug_rnglists
                0x0000003e       0x3a ./Core/Src/main.o
 .debug_rnglists
                0x00000078       0x33 ./Core/Src/stm32f4xx_hal_msp.o
 .debug_rnglists
                0x000000ab       0x43 ./Core/Src/stm32f4xx_it.o
 .debug_rnglists
                0x000000ee       0x79 ./Core/Src/syscalls.o
 .debug_rnglists
                0x00000167       0x13 ./Core/Src/sysmem.o
 .debug_rnglists
                0x0000017a       0x1a ./Core/Src/system_stm32f4xx.o
 .debug_rnglists
                0x00000194       0x19 ./Core/Startup/startup_stm32f446retx.o
 .debug_rnglists
                0x000001ad       0xaf ./Drivers/STM32F4xx_HAL_Driver/Src/stm32f4xx_hal.o
 .debug_rnglists
                0x0000025c       0xe0 ./Drivers/STM32F4xx_HAL_Driver/Src/stm32f4xx_hal_cortex.o
 .debug_rnglists
                0x0000033c       0x3f ./Drivers/STM32F4xx_HAL_Driver/Src/stm32f4xx_hal_gpio.o
 .debug_rnglists
                0x0000037b      0x23c ./Drivers/STM32F4xx_HAL_Driver/Src/stm32f4xx_hal_i2c.o
 .debug_rnglists
                0x000005b7       0x66 ./Drivers/STM32F4xx_HAL_Driver/Src/stm32f4xx_hal_rcc.o
 .debug_rnglists
                0x0000061d       0x5e ./Drivers/STM32F4xx_HAL_Driver/Src/stm32f4xx_hal_rcc_ex.o
 .debug_rnglists
                0x0000067b      0x1bc ./Drivers/STM32F4xx_HAL_Driver/Src/stm32f4xx_hal_uart.o

.debug_macro    0x00000000    0x226b5
 .debug_macro   0x00000000      0x2f2 ./Core/Src/BMP280_vincent.o
 .debug_macro   0x000002f2      0xab4 ./Core/Src/BMP280_vincent.o
 .debug_macro   0x00000da6       0x22 ./Core/Src/BMP280_vincent.o
 .debug_macro   0x00000dc8       0x5b ./Core/Src/BMP280_vincent.o
 .debug_macro   0x00000e23       0x2a ./Core/Src/BMP280_vincent.o
 .debug_macro   0x00000e4d       0x94 ./Core/Src/BMP280_vincent.o
 .debug_macro   0x00000ee1       0x43 ./Core/Src/BMP280_vincent.o
 .debug_macro   0x00000f24       0x34 ./Core/Src/BMP280_vincent.o
 .debug_macro   0x00000f58       0x16 ./Core/Src/BMP280_vincent.o
 .debug_macro   0x00000f6e       0x57 ./Core/Src/BMP280_vincent.o
 .debug_macro   0x00000fc5       0x9e ./Core/Src/BMP280_vincent.o
 .debug_macro   0x00001063      0x369 ./Core/Src/BMP280_vincent.o
 .debug_macro   0x000013cc      0x10b ./Core/Src/BMP280_vincent.o
 .debug_macro   0x000014d7       0x10 ./Core/Src/BMP280_vincent.o
 .debug_macro   0x000014e7       0x16 ./Core/Src/BMP280_vincent.o
 .debug_macro   0x000014fd       0x43 ./Core/Src/BMP280_vincent.o
 .debug_macro   0x00001540       0x34 ./Core/Src/BMP280_vincent.o
 .debug_macro   0x00001574       0x10 ./Core/Src/BMP280_vincent.o
 .debug_macro   0x00001584       0x58 ./Core/Src/BMP280_vincent.o
 .debug_macro   0x000015dc       0x8e ./Core/Src/BMP280_vincent.o
 .debug_macro   0x0000166a       0x1c ./Core/Src/BMP280_vincent.o
 .debug_macro   0x00001686      0x177 ./Core/Src/BMP280_vincent.o
 .debug_macro   0x000017fd       0x16 ./Core/Src/BMP280_vincent.o
 .debug_macro   0x00001813       0x16 ./Core/Src/BMP280_vincent.o
 .debug_macro   0x00001829      0x146 ./Core/Src/BMP280_vincent.o
 .debug_macro   0x0000196f       0x16 ./Core/Src/BMP280_vincent.o
 .debug_macro   0x00001985       0x35 ./Core/Src/BMP280_vincent.o
 .debug_macro   0x000019ba       0x16 ./Core/Src/BMP280_vincent.o
 .debug_macro   0x000019d0       0x29 ./Core/Src/BMP280_vincent.o
 .debug_macro   0x000019f9      0x29b ./Core/Src/BMP280_vincent.o
 .debug_macro   0x00001c94       0x2e ./Core/Src/BMP280_vincent.o
 .debug_macro   0x00001cc2       0x28 ./Core/Src/BMP280_vincent.o
 .debug_macro   0x00001cea      0x103 ./Core/Src/BMP280_vincent.o
 .debug_macro   0x00001ded       0x6a ./Core/Src/BMP280_vincent.o
 .debug_macro   0x00001e57      0x1df ./Core/Src/BMP280_vincent.o
 .debug_macro   0x00002036       0x1c ./Core/Src/BMP280_vincent.o
 .debug_macro   0x00002052       0x22 ./Core/Src/BMP280_vincent.o
 .debug_macro   0x00002074       0xfb ./Core/Src/BMP280_vincent.o
 .debug_macro   0x0000216f     0x1011 ./Core/Src/BMP280_vincent.o
 .debug_macro   0x00003180      0x11f ./Core/Src/BMP280_vincent.o
 .debug_macro   0x0000329f    0x16749 ./Core/Src/BMP280_vincent.o
 .debug_macro   0x000199e8       0x6d ./Core/Src/BMP280_vincent.o
 .debug_macro   0x00019a55     0x369a ./Core/Src/BMP280_vincent.o
 .debug_macro   0x0001d0ef       0x56 ./Core/Src/BMP280_vincent.o
 .debug_macro   0x0001d145      0xca5 ./Core/Src/BMP280_vincent.o
 .debug_macro   0x0001ddea      0x9e9 ./Core/Src/BMP280_vincent.o
 .debug_macro   0x0001e7d3      0x115 ./Core/Src/BMP280_vincent.o
 .debug_macro   0x0001e8e8      0x1a0 ./Core/Src/BMP280_vincent.o
 .debug_macro   0x0001ea88       0xa5 ./Core/Src/BMP280_vincent.o
 .debug_macro   0x0001eb2d      0x16d ./Core/Src/BMP280_vincent.o
 .debug_macro   0x0001ec9a      0x287 ./Core/Src/BMP280_vincent.o
 .debug_macro   0x0001ef21       0x5f ./Core/Src/BMP280_vincent.o
 .debug_macro   0x0001ef80      0x236 ./Core/Src/BMP280_vincent.o
 .debug_macro   0x0001f1b6      0x132 ./Core/Src/BMP280_vincent.o
 .debug_macro   0x0001f2e8      0x29c ./Core/Src/BMP280_vincent.o
 .debug_macro   0x0001f584       0x2e ./Core/Src/BMP280_vincent.o
 .debug_macro   0x0001f5b2      0x1b5 ./Core/Src/BMP280_vincent.o
 .debug_macro   0x0001f767       0x22 ./Core/Src/BMP280_vincent.o
 .debug_macro   0x0001f789       0xd6 ./Core/Src/BMP280_vincent.o
 .debug_macro   0x0001f85f      0x127 ./Core/Src/BMP280_vincent.o
 .debug_macro   0x0001f986       0xe8 ./Core/Src/BMP280_vincent.o
 .debug_macro   0x0001fa6e       0x89 ./Core/Src/BMP280_vincent.o
 .debug_macro   0x0001faf7      0x2aa ./Core/Src/BMP280_vincent.o
 .debug_macro   0x0001fda1      0x126 ./Core/Src/BMP280_vincent.o
 .debug_macro   0x0001fec7       0x58 ./Core/Src/BMP280_vincent.o
 .debug_macro   0x0001ff1f      0x2d6 ./Core/Src/main.o
 .debug_macro   0x000201f5       0x8e ./Core/Src/main.o
 .debug_macro   0x00020283       0x51 ./Core/Src/main.o
 .debug_macro   0x000202d4      0x189 ./Core/Src/main.o
 .debug_macro   0x0002045d       0x5c ./Core/Src/main.o
 .debug_macro   0x000204b9       0x61 ./Core/Src/main.o
 .debug_macro   0x0002051a      0x1e8 ./Core/Src/stm32f4xx_hal_msp.o
 .debug_macro   0x00020702      0x1ec ./Core/Src/stm32f4xx_it.o
 .debug_macro   0x000208ee      0x274 ./Core/Src/syscalls.o
 .debug_macro   0x00020b62       0x10 ./Core/Src/syscalls.o
 .debug_macro   0x00020b72       0x10 ./Core/Src/syscalls.o
 .debug_macro   0x00020b82       0x10 ./Core/Src/syscalls.o
 .debug_macro   0x00020b92       0x10 ./Core/Src/syscalls.o
 .debug_macro   0x00020ba2       0x1c ./Core/Src/syscalls.o
 .debug_macro   0x00020bbe       0x52 ./Core/Src/syscalls.o
 .debug_macro   0x00020c10       0x22 ./Core/Src/syscalls.o
 .debug_macro   0x00020c32       0x10 ./Core/Src/syscalls.o
 .debug_macro   0x00020c42       0x52 ./Core/Src/syscalls.o
 .debug_macro   0x00020c94       0xcf ./Core/Src/syscalls.o
 .debug_macro   0x00020d63       0x1c ./Core/Src/syscalls.o
 .debug_macro   0x00020d7f       0x3d ./Core/Src/syscalls.o
 .debug_macro   0x00020dbc       0x35 ./Core/Src/syscalls.o
 .debug_macro   0x00020df1      0x12c ./Core/Src/syscalls.o
 .debug_macro   0x00020f1d       0x10 ./Core/Src/syscalls.o
 .debug_macro   0x00020f2d      0x242 ./Core/Src/syscalls.o
 .debug_macro   0x0002116f       0x1c ./Core/Src/syscalls.o
 .debug_macro   0x0002118b       0x10 ./Core/Src/syscalls.o
 .debug_macro   0x0002119b      0x18a ./Core/Src/syscalls.o
 .debug_macro   0x00021325       0x16 ./Core/Src/syscalls.o
 .debug_macro   0x0002133b       0xce ./Core/Src/syscalls.o
 .debug_macro   0x00021409       0xff ./Core/Src/sysmem.o
 .debug_macro   0x00021508      0x23c ./Core/Src/sysmem.o
 .debug_macro   0x00021744      0x1d3 ./Core/Src/system_stm32f4xx.o
 .debug_macro   0x00021917      0x233 ./Drivers/STM32F4xx_HAL_Driver/Src/stm32f4xx_hal.o
 .debug_macro   0x00021b4a      0x1d3 ./Drivers/STM32F4xx_HAL_Driver/Src/stm32f4xx_hal_cortex.o
 .debug_macro   0x00021d1d      0x1d9 ./Drivers/STM32F4xx_HAL_Driver/Src/stm32f4xx_hal_gpio.o
 .debug_macro   0x00021ef6      0x221 ./Drivers/STM32F4xx_HAL_Driver/Src/stm32f4xx_hal_i2c.o
 .debug_macro   0x00022117      0x1f7 ./Drivers/STM32F4xx_HAL_Driver/Src/stm32f4xx_hal_rcc.o
 .debug_macro   0x0002230e      0x1d3 ./Drivers/STM32F4xx_HAL_Driver/Src/stm32f4xx_hal_rcc_ex.o
 .debug_macro   0x000224e1      0x1d4 ./Drivers/STM32F4xx_HAL_Driver/Src/stm32f4xx_hal_uart.o

.debug_line     0x00000000     0xdd34
 .debug_line    0x00000000      0xb86 ./Core/Src/BMP280_vincent.o
 .debug_line    0x00000b86      0x99e ./Core/Src/main.o
 .debug_line    0x00001524      0x786 ./Core/Src/stm32f4xx_hal_msp.o
 .debug_line    0x00001caa      0x75e ./Core/Src/stm32f4xx_it.o
 .debug_line    0x00002408      0x7f1 ./Core/Src/syscalls.o
 .debug_line    0x00002bf9      0x4c2 ./Core/Src/sysmem.o
 .debug_line    0x000030bb      0x720 ./Core/Src/system_stm32f4xx.o
 .debug_line    0x000037db       0x7a ./Core/Startup/startup_stm32f446retx.o
 .debug_line    0x00003855      0x989 ./Drivers/STM32F4xx_HAL_Driver/Src/stm32f4xx_hal.o
 .debug_line    0x000041de      0xc7b ./Drivers/STM32F4xx_HAL_Driver/Src/stm32f4xx_hal_cortex.o
 .debug_line    0x00004e59      0xb01 ./Drivers/STM32F4xx_HAL_Driver/Src/stm32f4xx_hal_gpio.o
 .debug_line    0x0000595a     0x3acf ./Drivers/STM32F4xx_HAL_Driver/Src/stm32f4xx_hal_i2c.o
 .debug_line    0x00009429      0xd20 ./Drivers/STM32F4xx_HAL_Driver/Src/stm32f4xx_hal_rcc.o
 .debug_line    0x0000a149     0x1390 ./Drivers/STM32F4xx_HAL_Driver/Src/stm32f4xx_hal_rcc_ex.o
 .debug_line    0x0000b4d9     0x285b ./Drivers/STM32F4xx_HAL_Driver/Src/stm32f4xx_hal_uart.o

.debug_str      0x00000000    0xccb5b
 .debug_str     0x00000000    0xc7c3a ./Core/Src/BMP280_vincent.o
                              0xc7f5a (size before relaxing)
 .debug_str     0x000c7c3a      0x608 ./Core/Src/main.o
                              0xc8355 (size before relaxing)
 .debug_str     0x000c8242       0xc9 ./Core/Src/stm32f4xx_hal_msp.o
                              0xc494e (size before relaxing)
 .debug_str     0x000c830b       0xc9 ./Core/Src/stm32f4xx_it.o
                              0xc4046 (size before relaxing)
 .debug_str     0x000c83d4     0x1fce ./Core/Src/syscalls.o
                               0x98d9 (size before relaxing)
 .debug_str     0x000ca3a2       0x6b ./Core/Src/sysmem.o
                               0x60f1 (size before relaxing)
 .debug_str     0x000ca40d       0xdb ./Core/Src/system_stm32f4xx.o
                              0xc406f (size before relaxing)
 .debug_str     0x000ca4e8       0x44 ./Core/Startup/startup_stm32f446retx.o
                                 0xa4 (size before relaxing)
 .debug_str     0x000ca52c      0xb0c ./Drivers/STM32F4xx_HAL_Driver/Src/stm32f4xx_hal.o
                              0xc4c34 (size before relaxing)
 .debug_str     0x000cb038      0x388 ./Drivers/STM32F4xx_HAL_Driver/Src/stm32f4xx_hal_cortex.o
                              0xc498b (size before relaxing)
 .debug_str     0x000cb3c0      0x121 ./Drivers/STM32F4xx_HAL_Driver/Src/stm32f4xx_hal_gpio.o
                              0xc41ea (size before relaxing)
 .debug_str     0x000cb4e1      0xb39 ./Drivers/STM32F4xx_HAL_Driver/Src/stm32f4xx_hal_i2c.o
                              0xc506d (size before relaxing)
 .debug_str     0x000cc01a      0x213 ./Drivers/STM32F4xx_HAL_Driver/Src/stm32f4xx_hal_rcc.o
                              0xc44a8 (size before relaxing)
 .debug_str     0x000cc22d      0x324 ./Drivers/STM32F4xx_HAL_Driver/Src/stm32f4xx_hal_rcc_ex.o
                              0xc44db (size before relaxing)
 .debug_str     0x000cc551      0x60a ./Drivers/STM32F4xx_HAL_Driver/Src/stm32f4xx_hal_uart.o
                              0xc4a5f (size before relaxing)

.comment        0x00000000       0x43
 .comment       0x00000000       0x43 ./Core/Src/BMP280_vincent.o
                                 0x44 (size before relaxing)
 .comment       0x00000043       0x44 ./Core/Src/main.o
 .comment       0x00000043       0x44 ./Core/Src/stm32f4xx_hal_msp.o
 .comment       0x00000043       0x44 ./Core/Src/stm32f4xx_it.o
 .comment       0x00000043       0x44 ./Core/Src/syscalls.o
 .comment       0x00000043       0x44 ./Core/Src/sysmem.o
 .comment       0x00000043       0x44 ./Core/Src/system_stm32f4xx.o
 .comment       0x00000043       0x44 ./Drivers/STM32F4xx_HAL_Driver/Src/stm32f4xx_hal.o
 .comment       0x00000043       0x44 ./Drivers/STM32F4xx_HAL_Driver/Src/stm32f4xx_hal_cortex.o
 .comment       0x00000043       0x44 ./Drivers/STM32F4xx_HAL_Driver/Src/stm32f4xx_hal_gpio.o
 .comment       0x00000043       0x44 ./Drivers/STM32F4xx_HAL_Driver/Src/stm32f4xx_hal_i2c.o
 .comment       0x00000043       0x44 ./Drivers/STM32F4xx_HAL_Driver/Src/stm32f4xx_hal_rcc.o
 .comment       0x00000043       0x44 ./Drivers/STM32F4xx_HAL_Driver/Src/stm32f4xx_hal_rcc_ex.o
 .comment       0x00000043       0x44 ./Drivers/STM32F4xx_HAL_Driver/Src/stm32f4xx_hal_uart.o

.debug_frame    0x00000000     0x3364
 .debug_frame   0x00000000      0x12c ./Core/Src/BMP280_vincent.o
 .debug_frame   0x0000012c       0xe4 ./Core/Src/main.o
 .debug_frame   0x00000210       0xe8 ./Core/Src/stm32f4xx_hal_msp.o
 .debug_frame   0x000002f8      0x104 ./Core/Src/stm32f4xx_it.o
 .debug_frame   0x000003fc      0x2ac ./Core/Src/syscalls.o
 .debug_frame   0x000006a8       0x34 ./Core/Src/sysmem.o
 .debug_frame   0x000006dc       0x58 ./Core/Src/system_stm32f4xx.o
 .debug_frame   0x00000734      0x374 ./Drivers/STM32F4xx_HAL_Driver/Src/stm32f4xx_hal.o
 .debug_frame   0x00000aa8      0x508 ./Drivers/STM32F4xx_HAL_Driver/Src/stm32f4xx_hal_cortex.o
 .debug_frame   0x00000fb0      0x14c ./Drivers/STM32F4xx_HAL_Driver/Src/stm32f4xx_hal_gpio.o
 .debug_frame   0x000010fc      0xc84 ./Drivers/STM32F4xx_HAL_Driver/Src/stm32f4xx_hal_i2c.o
 .debug_frame   0x00001d80      0x1f4 ./Drivers/STM32F4xx_HAL_Driver/Src/stm32f4xx_hal_rcc.o
 .debug_frame   0x00001f74      0x1e8 ./Drivers/STM32F4xx_HAL_Driver/Src/stm32f4xx_hal_rcc_ex.o
 .debug_frame   0x0000215c      0x954 ./Drivers/STM32F4xx_HAL_Driver/Src/stm32f4xx_hal_uart.o
 .debug_frame   0x00002ab0      0x144 /opt/st/stm32cubeide_1.16.0_2/plugins/com.st.stm32cube.ide.mcu.externaltools.gnu-tools-for-stm32.12.3.rel1.linux64_1.0.200.202406132123/tools/bin/../lib/gcc/arm-none-eabi/12.3.1/../../../../arm-none-eabi/lib/thumb/v7e-m+fp/hard/libc_nano.a(libc_a-findfp.o)
 .debug_frame   0x00002bf4       0x34 /opt/st/stm32cubeide_1.16.0_2/plugins/com.st.stm32cube.ide.mcu.externaltools.gnu-tools-for-stm32.12.3.rel1.linux64_1.0.200.202406132123/tools/bin/../lib/gcc/arm-none-eabi/12.3.1/../../../../arm-none-eabi/lib/thumb/v7e-m+fp/hard/libc_nano.a(libc_a-fwalk.o)
 .debug_frame   0x00002c28       0x6c /opt/st/stm32cubeide_1.16.0_2/plugins/com.st.stm32cube.ide.mcu.externaltools.gnu-tools-for-stm32.12.3.rel1.linux64_1.0.200.202406132123/tools/bin/../lib/gcc/arm-none-eabi/12.3.1/../../../../arm-none-eabi/lib/thumb/v7e-m+fp/hard/libc_nano.a(libc_a-printf.o)
 .debug_frame   0x00002c94       0x3c /opt/st/stm32cubeide_1.16.0_2/plugins/com.st.stm32cube.ide.mcu.externaltools.gnu-tools-for-stm32.12.3.rel1.linux64_1.0.200.202406132123/tools/bin/../lib/gcc/arm-none-eabi/12.3.1/../../../../arm-none-eabi/lib/thumb/v7e-m+fp/hard/libc_nano.a(libc_a-puts.o)
 .debug_frame   0x00002cd0       0x88 /opt/st/stm32cubeide_1.16.0_2/plugins/com.st.stm32cube.ide.mcu.externaltools.gnu-tools-for-stm32.12.3.rel1.linux64_1.0.200.202406132123/tools/bin/../lib/gcc/arm-none-eabi/12.3.1/../../../../arm-none-eabi/lib/thumb/v7e-m+fp/hard/libc_nano.a(libc_a-stdio.o)
 .debug_frame   0x00002d58       0x40 /opt/st/stm32cubeide_1.16.0_2/plugins/com.st.stm32cube.ide.mcu.externaltools.gnu-tools-for-stm32.12.3.rel1.linux64_1.0.200.202406132123/tools/bin/../lib/gcc/arm-none-eabi/12.3.1/../../../../arm-none-eabi/lib/thumb/v7e-m+fp/hard/libc_nano.a(libc_a-wbuf.o)
 .debug_frame   0x00002d98       0x2c /opt/st/stm32cubeide_1.16.0_2/plugins/com.st.stm32cube.ide.mcu.externaltools.gnu-tools-for-stm32.12.3.rel1.linux64_1.0.200.202406132123/tools/bin/../lib/gcc/arm-none-eabi/12.3.1/../../../../arm-none-eabi/lib/thumb/v7e-m+fp/hard/libc_nano.a(libc_a-wsetup.o)
 .debug_frame   0x00002dc4       0x20 /opt/st/stm32cubeide_1.16.0_2/plugins/com.st.stm32cube.ide.mcu.externaltools.gnu-tools-for-stm32.12.3.rel1.linux64_1.0.200.202406132123/tools/bin/../lib/gcc/arm-none-eabi/12.3.1/../../../../arm-none-eabi/lib/thumb/v7e-m+fp/hard/libc_nano.a(libc_a-memset.o)
 .debug_frame   0x00002de4       0x2c /opt/st/stm32cubeide_1.16.0_2/plugins/com.st.stm32cube.ide.mcu.externaltools.gnu-tools-for-stm32.12.3.rel1.linux64_1.0.200.202406132123/tools/bin/../lib/gcc/arm-none-eabi/12.3.1/../../../../arm-none-eabi/lib/thumb/v7e-m+fp/hard/libc_nano.a(libc_a-closer.o)
 .debug_frame   0x00002e10       0x38 /opt/st/stm32cubeide_1.16.0_2/plugins/com.st.stm32cube.ide.mcu.externaltools.gnu-tools-for-stm32.12.3.rel1.linux64_1.0.200.202406132123/tools/bin/../lib/gcc/arm-none-eabi/12.3.1/../../../../arm-none-eabi/lib/thumb/v7e-m+fp/hard/libc_nano.a(libc_a-reent.o)
 .debug_frame   0x00002e48       0x2c /opt/st/stm32cubeide_1.16.0_2/plugins/com.st.stm32cube.ide.mcu.externaltools.gnu-tools-for-stm32.12.3.rel1.linux64_1.0.200.202406132123/tools/bin/../lib/gcc/arm-none-eabi/12.3.1/../../../../arm-none-eabi/lib/thumb/v7e-m+fp/hard/libc_nano.a(libc_a-lseekr.o)
 .debug_frame   0x00002e74       0x2c /opt/st/stm32cubeide_1.16.0_2/plugins/com.st.stm32cube.ide.mcu.externaltools.gnu-tools-for-stm32.12.3.rel1.linux64_1.0.200.202406132123/tools/bin/../lib/gcc/arm-none-eabi/12.3.1/../../../../arm-none-eabi/lib/thumb/v7e-m+fp/hard/libc_nano.a(libc_a-readr.o)
 .debug_frame   0x00002ea0       0x2c /opt/st/stm32cubeide_1.16.0_2/plugins/com.st.stm32cube.ide.mcu.externaltools.gnu-tools-for-stm32.12.3.rel1.linux64_1.0.200.202406132123/tools/bin/../lib/gcc/arm-none-eabi/12.3.1/../../../../arm-none-eabi/lib/thumb/v7e-m+fp/hard/libc_nano.a(libc_a-writer.o)
 .debug_frame   0x00002ecc       0x20 /opt/st/stm32cubeide_1.16.0_2/plugins/com.st.stm32cube.ide.mcu.externaltools.gnu-tools-for-stm32.12.3.rel1.linux64_1.0.200.202406132123/tools/bin/../lib/gcc/arm-none-eabi/12.3.1/../../../../arm-none-eabi/lib/thumb/v7e-m+fp/hard/libc_nano.a(libc_a-errno.o)
 .debug_frame   0x00002eec       0x2c /opt/st/stm32cubeide_1.16.0_2/plugins/com.st.stm32cube.ide.mcu.externaltools.gnu-tools-for-stm32.12.3.rel1.linux64_1.0.200.202406132123/tools/bin/../lib/gcc/arm-none-eabi/12.3.1/../../../../arm-none-eabi/lib/thumb/v7e-m+fp/hard/libc_nano.a(libc_a-init.o)
 .debug_frame   0x00002f18       0xb0 /opt/st/stm32cubeide_1.16.0_2/plugins/com.st.stm32cube.ide.mcu.externaltools.gnu-tools-for-stm32.12.3.rel1.linux64_1.0.200.202406132123/tools/bin/../lib/gcc/arm-none-eabi/12.3.1/../../../../arm-none-eabi/lib/thumb/v7e-m+fp/hard/libc_nano.a(libc_a-lock.o)
 .debug_frame   0x00002fc8       0x38 /opt/st/stm32cubeide_1.16.0_2/plugins/com.st.stm32cube.ide.mcu.externaltools.gnu-tools-for-stm32.12.3.rel1.linux64_1.0.200.202406132123/tools/bin/../lib/gcc/arm-none-eabi/12.3.1/../../../../arm-none-eabi/lib/thumb/v7e-m+fp/hard/libc_nano.a(libc_a-freer.o)
 .debug_frame   0x00003000       0x50 /opt/st/stm32cubeide_1.16.0_2/plugins/com.st.stm32cube.ide.mcu.externaltools.gnu-tools-for-stm32.12.3.rel1.linux64_1.0.200.202406132123/tools/bin/../lib/gcc/arm-none-eabi/12.3.1/../../../../arm-none-eabi/lib/thumb/v7e-m+fp/hard/libc_nano.a(libc_a-mallocr.o)
 .debug_frame   0x00003050       0x30 /opt/st/stm32cubeide_1.16.0_2/plugins/com.st.stm32cube.ide.mcu.externaltools.gnu-tools-for-stm32.12.3.rel1.linux64_1.0.200.202406132123/tools/bin/../lib/gcc/arm-none-eabi/12.3.1/../../../../arm-none-eabi/lib/thumb/v7e-m+fp/hard/libc_nano.a(libc_a-mlock.o)
 .debug_frame   0x00003080       0xa8 /opt/st/stm32cubeide_1.16.0_2/plugins/com.st.stm32cube.ide.mcu.externaltools.gnu-tools-for-stm32.12.3.rel1.linux64_1.0.200.202406132123/tools/bin/../lib/gcc/arm-none-eabi/12.3.1/../../../../arm-none-eabi/lib/thumb/v7e-m+fp/hard/libc_nano.a(libc_a-nano-vfprintf.o)
 .debug_frame   0x00003128       0x60 /opt/st/stm32cubeide_1.16.0_2/plugins/com.st.stm32cube.ide.mcu.externaltools.gnu-tools-for-stm32.12.3.rel1.linux64_1.0.200.202406132123/tools/bin/../lib/gcc/arm-none-eabi/12.3.1/../../../../arm-none-eabi/lib/thumb/v7e-m+fp/hard/libc_nano.a(libc_a-nano-vfprintf_i.o)
 .debug_frame   0x00003188       0x5c /opt/st/stm32cubeide_1.16.0_2/plugins/com.st.stm32cube.ide.mcu.externaltools.gnu-tools-for-stm32.12.3.rel1.linux64_1.0.200.202406132123/tools/bin/../lib/gcc/arm-none-eabi/12.3.1/../../../../arm-none-eabi/lib/thumb/v7e-m+fp/hard/libc_nano.a(libc_a-fflush.o)
 .debug_frame   0x000031e4       0x58 /opt/st/stm32cubeide_1.16.0_2/plugins/com.st.stm32cube.ide.mcu.externaltools.gnu-tools-for-stm32.12.3.rel1.linux64_1.0.200.202406132123/tools/bin/../lib/gcc/arm-none-eabi/12.3.1/../../../../arm-none-eabi/lib/thumb/v7e-m+fp/hard/libc_nano.a(libc_a-makebuf.o)
 .debug_frame   0x0000323c       0x2c /opt/st/stm32cubeide_1.16.0_2/plugins/com.st.stm32cube.ide.mcu.externaltools.gnu-tools-for-stm32.12.3.rel1.linux64_1.0.200.202406132123/tools/bin/../lib/gcc/arm-none-eabi/12.3.1/../../../../arm-none-eabi/lib/thumb/v7e-m+fp/hard/libc_nano.a(libc_a-fstatr.o)
 .debug_frame   0x00003268       0x2c /opt/st/stm32cubeide_1.16.0_2/plugins/com.st.stm32cube.ide.mcu.externaltools.gnu-tools-for-stm32.12.3.rel1.linux64_1.0.200.202406132123/tools/bin/../lib/gcc/arm-none-eabi/12.3.1/../../../../arm-none-eabi/lib/thumb/v7e-m+fp/hard/libc_nano.a(libc_a-isattyr.o)
 .debug_frame   0x00003294       0x2c /opt/st/stm32cubeide_1.16.0_2/plugins/com.st.stm32cube.ide.mcu.externaltools.gnu-tools-for-stm32.12.3.rel1.linux64_1.0.200.202406132123/tools/bin/../lib/gcc/arm-none-eabi/12.3.1/../../../../arm-none-eabi/lib/thumb/v7e-m+fp/hard/libc_nano.a(libc_a-sbrkr.o)
 .debug_frame   0x000032c0       0x44 /opt/st/stm32cubeide_1.16.0_2/plugins/com.st.stm32cube.ide.mcu.externaltools.gnu-tools-for-stm32.12.3.rel1.linux64_1.0.200.202406132123/tools/bin/../lib/gcc/arm-none-eabi/12.3.1/thumb/v7e-m+fp/hard/libgcc.a(_aeabi_ldivmod.o)
 .debug_frame   0x00003304       0x2c /opt/st/stm32cubeide_1.16.0_2/plugins/com.st.stm32cube.ide.mcu.externaltools.gnu-tools-for-stm32.12.3.rel1.linux64_1.0.200.202406132123/tools/bin/../lib/gcc/arm-none-eabi/12.3.1/thumb/v7e-m+fp/hard/libgcc.a(_aeabi_uldivmod.o)
 .debug_frame   0x00003330       0x34 /opt/st/stm32cubeide_1.16.0_2/plugins/com.st.stm32cube.ide.mcu.externaltools.gnu-tools-for-stm32.12.3.rel1.linux64_1.0.200.202406132123/tools/bin/../lib/gcc/arm-none-eabi/12.3.1/thumb/v7e-m+fp/hard/libgcc.a(_udivmoddi4.o)

.debug_line_str
                0x00000000       0x88
 .debug_line_str